
;
; Created on Wed Apr  8 15:46:59 2026 with ECE 449 assembler v1.12 beta 1 (16 bit).
;
;Header Section
RADIX 10
DEPTH 1024
WIDTH 16
DEFAULT 0
;
; Data Section
; Specifies data to be stored in different addresses
; e.g., DATA 0:A, 1:0
;
RADIX 16
DATA 
0000 => "0100001000000000", -- 0000 - 4200   IN            R0       
0002 => "0100001001000000", -- 0002 - 4240   IN            R1       
0004 => "0100001010000000", -- 0004 - 4280   IN            R2       
0006 => "0100001011000000", -- 0006 - 42C0   IN            R3       
0008 => "0100001100000000", -- 0008 - 4300   IN            R4       
0010 => "0100001101000000", -- 000A - 4340   IN            R5       
0012 => "0100001110000000", -- 000C - 4380   IN            R6       
0014 => "0100001111000000", -- 000E - 43C0   IN            R7       
0016 => "1000110100001010", -- 0010 - 8D0A   BR.SUB        R4,10    
0018 => "1000000000000000", -- 0012 - 8000   BRR           0        
0020 => "0000001010001101", -- 0014 - 028D   ADD           R2,R1,R5 
0022 => "0000011001000010", -- 0016 - 0642   MUL           R1,R0,R2 
0024 => "0000010110110101", -- 0018 - 05B5   SUB           R6,R6,R5 
0026 => "0000111110000000", -- 001A - 0F80   TEST          R6       
0028 => "1000010000000010", -- 001C - 8402   BRR.z         2        
0030 => "1000000111111011", -- 001E - 81FB   BRR           -5       
0032 => "1000111000000000", -- 0020 - 8E00   RETURN                 
0034 => "0000000000000000", -- 0022 - 0000   NOP                    
0036 => "0000000000000000", -- 0024 - 0000   NOP                    
0038 => "0000000000000000", -- 0026 - 0000   NOP                    
0040 => "0000000000000000", -- 0028 - 0000   NOP                    


-------------------------------------------------------
Symbol Table:

