srcscan starts
=============== Using vdb files for VHDL std libs ===========
INFO: VHDL library search path for library "std" is now "C:/Xilinx/2025.1/Vivado/data/precomp_hsv/vhdl/std" (VHDL-1505)
INFO: VHDL library search path for library "synopsys" is now "C:/Xilinx/2025.1/Vivado/data/precomp_hsv/vhdl/synopsys" (VHDL-1505)
INFO: VHDL library search path for library "ieee" is now "C:/Xilinx/2025.1/Vivado/data/precomp_hsv/vhdl/ieee" (VHDL-1505)
INFO: VHDL library search path for library "unimacro" is now "C:/Xilinx/2025.1/Vivado/data/precomp_hsv/vhdl/unimacro" (VHDL-1505)
INFO: VHDL library search path for library "unisim" is now "C:/Xilinx/2025.1/Vivado/data/precomp_hsv/vhdl/unisim" (VHDL-1505)
INFO: VHDL library search path for library "vl" is now "C:/Xilinx/2025.1/Vivado/data/precomp_hsv/vhdl/vl" (VHDL-1505)
INFO: VHDL library search path for library "xpm" is now "C:/Xilinx/2025.1/Vivado/data/precomp_hsv/vhdl/xpm" (VHDL-1505)
-- Analyzing VHDL file "C:/Users/Kheph/Documents/Projects/School/ECE449CPU/ECE449_LAB_CPU/ALU/ALU.vhd" into library xil_defaultlib (VHDL-9003)
INFO: analyzing entity 'ALU' (VHDL-1012)
INFO: analyzing architecture 'Behavioral' of entity 'alu' (VHDL-9006)
-- Analyzing VHDL file "C:/Users/Kheph/Documents/Projects/School/ECE449CPU/ECE449_LAB_CPU/ALU/ALU_Testbench.vhd" into library xil_defaultlib (VHDL-9003)
INFO: analyzing entity 'ALU_tb' (VHDL-1012)
INFO: analyzing architecture 'testbench' of entity 'alu_tb' (VHDL-9006)
C:/Users/Kheph/Documents/Projects/School/ECE449CPU/ECE449_LAB_CPU/ALU/ALU_Testbench.vhd(16): ERROR: formal port 'alu_rst' has no actual or default value (VHDL-1768)
C:/Users/Kheph/Documents/Projects/School/ECE449CPU/ECE449_LAB_CPU/ALU/ALU.vhd(29): INFO: 'alu_rst' is declared here
-- Analyzing VHDL file "C:/Users/Kheph/Documents/Projects/School/ECE449CPU/ECE449_LAB_CPU/ROM/CPU_ROM_tb.vhd" into library xil_defaultlib (VHDL-9003)
INFO: analyzing entity 'CPU_ROM_tb' (VHDL-1012)
INFO: analyzing architecture 'CPU_ROM_tb_ARCH' of entity 'cpu_rom_tb' (VHDL-9006)
-- Analyzing VHDL file "C:/Users/Kheph/Documents/Projects/School/ECE449CPU/ECE449_LAB_CPU/project_1/project_1.srcs/sources_1/new/branch_controller.vhd" into library xil_defaultlib (VHDL-9003)
INFO: analyzing entity 'branch_controller' (VHDL-1012)
INFO: analyzing architecture 'Behavioral' of entity 'branch_controller' (VHDL-9006)
-- Analyzing VHDL file "C:/Users/Kheph/Documents/Projects/School/ECE449CPU/ECE449_LAB_CPU/Controller/controller_pipelined.vhd" into library xil_defaultlib (VHDL-9003)
INFO: analyzing entity 'controller' (VHDL-1012)
INFO: analyzing architecture 'behavioral' of entity 'controller' (VHDL-9006)
-- Analyzing VHDL file "C:/Users/Kheph/Documents/Projects/School/ECE449CPU/ECE449_LAB_CPU/ProgramCounter/programCounter.vhd" into library xil_defaultlib (VHDL-9003)
INFO: analyzing entity 'program_counter' (VHDL-1012)
INFO: analyzing architecture 'Behavioral' of entity 'program_counter' (VHDL-9006)
-- Analyzing VHDL file "C:/Users/Kheph/Documents/Projects/School/ECE449CPU/ECE449_LAB_CPU/project_1/project_1.srcs/sources_1/new/pipeline_reg_generic.vhd" into library xil_defaultlib (VHDL-9003)
INFO: analyzing entity 'pipeline_reg' (VHDL-1012)
INFO: analyzing architecture 'Behavioral' of entity 'pipeline_reg' (VHDL-9006)
-- Analyzing VHDL file "C:/Users/Kheph/Documents/Projects/School/ECE449CPU/ECE449_LAB_CPU/RegisterFile/registerfile.vhd" into library xil_defaultlib (VHDL-9003)
INFO: analyzing entity 'register_file' (VHDL-1012)
INFO: analyzing architecture 'behavioural' of entity 'register_file' (VHDL-9006)
-- Analyzing VHDL file "C:/Users/Kheph/Documents/Projects/School/ECE449CPU/ECE449_LAB_CPU/Data Path/datapath.vhd" into library xil_defaultlib (VHDL-9003)
INFO: analyzing entity 'datapath' (VHDL-1012)
INFO: analyzing architecture 'behavioural' of entity 'datapath' (VHDL-9006)
C:/Users/Kheph/Documents/Projects/School/ECE449CPU/ECE449_LAB_CPU/Data Path/datapath.vhd(161): ERROR: 'cpu_rom' is not declared (VHDL-1241)
C:/Users/Kheph/Documents/Projects/School/ECE449CPU/ECE449_LAB_CPU/Data Path/datapath.vhd(161): ERROR: if you are trying to directly instantiate a design entity, please use expanded name (VHDL-9000)
C:/Users/Kheph/Documents/Projects/School/ECE449CPU/ECE449_LAB_CPU/Data Path/datapath.vhd(176): ERROR: actual for formal port 'data_in' is neither a static name nor a globally static expression (VHDL-1443)
C:/Users/Kheph/Documents/Projects/School/ECE449CPU/ECE449_LAB_CPU/Data Path/datapath.vhd(207): ERROR: actual for formal port 'data_in' is neither a static name nor a globally static expression (VHDL-1443)
C:/Users/Kheph/Documents/Projects/School/ECE449CPU/ECE449_LAB_CPU/Data Path/datapath.vhd(249): ERROR: actual for formal port 'data_in' is neither a static name nor a globally static expression (VHDL-1443)
C:/Users/Kheph/Documents/Projects/School/ECE449CPU/ECE449_LAB_CPU/Data Path/datapath.vhd(281): ERROR: actual for formal port 'data_in' is neither a static name nor a globally static expression (VHDL-1443)
-- Analyzing VHDL file "C:/Users/Kheph/Documents/Projects/School/ECE449CPU/ECE449_LAB_CPU/project_1/project_1.srcs/sources_1/new/cpu_top_level.vhd" into library xil_defaultlib (VHDL-9003)
INFO: analyzing entity 'cpu_top_level' (VHDL-1012)
INFO: analyzing architecture 'Behavioral' of entity 'cpu_top_level' (VHDL-9006)
-- Analyzing VHDL file "C:/Users/Kheph/Documents/Projects/School/ECE449CPU/ECE449_LAB_CPU/project_1/project_1.srcs/sim_1/new/cpu_top_level_testbench.vhd" into library xil_defaultlib (VHDL-9003)
INFO: analyzing entity 'cpu_top_level_testbench' (VHDL-1012)
INFO: analyzing architecture 'Behavioral' of entity 'cpu_top_level_testbench' (VHDL-9006)
-- Analyzing VHDL file "C:/Users/Kheph/Documents/Projects/School/ECE449CPU/ECE449_LAB_CPU/project_1/project_1.srcs/sources_1/new/mux.vhd" into library xil_defaultlib (VHDL-9003)
C:/Users/Kheph/Documents/Projects/School/ECE449CPU/ECE449_LAB_CPU/project_1/project_1.srcs/sources_1/new/mux.vhd(5): WARNING: syntax error near 'entity' (VHDL-1261)
C:/Users/Kheph/Documents/Projects/School/ECE449CPU/ECE449_LAB_CPU/project_1/project_1.srcs/sources_1/new/mux.vhd(17): ERROR: entity 'mux_flat' is not yet compiled (VHDL-1059)
INFO: analyzing architecture 'rtl' of entity 'mux_flat' (VHDL-9006)
C:/Users/Kheph/Documents/Projects/School/ECE449CPU/ECE449_LAB_CPU/project_1/project_1.srcs/sources_1/new/mux.vhd(18): ERROR: 'natural' is not declared (VHDL-1241)
C:/Users/Kheph/Documents/Projects/School/ECE449CPU/ECE449_LAB_CPU/project_1/project_1.srcs/sources_1/new/mux.vhd(20): WARNING: syntax error near 'begin' (VHDL-1261)
-- Analyzing VHDL file "C:/Users/Kheph/Documents/Projects/School/ECE449CPU/ECE449_LAB_CPU/ProgramCounter/programCount_tb.vhd" into library xil_defaultlib (VHDL-9003)
INFO: analyzing entity 'program_counter_tb' (VHDL-1012)
INFO: analyzing architecture 'Behavioral' of entity 'program_counter_tb' (VHDL-9006)
-- Analyzing VHDL file "C:/Users/Kheph/Documents/Projects/School/ECE449CPU/ECE449_LAB_CPU/RegisterFile/registerfileTestbench.vhd" into library xil_defaultlib (VHDL-9003)
INFO: analyzing entity 'test_regfile' (VHDL-1012)
INFO: analyzing architecture 'behavioural' of entity 'test_regfile' (VHDL-9006)
C:/Users/Kheph/Documents/Projects/School/ECE449CPU/ECE449_LAB_CPU/RegisterFile/registerfileTestbench.vhd(20): WARNING: Positional port connection in entity/module instantiation <register_file> increases the risk of design errors, affects readability, and makes your code less adaptable. Use of explicit formal/effective port connection is highly recommended instead. (VHDL-9020)
C:/Users/Kheph/Documents/Projects/School/ECE449CPU/ECE449_LAB_CPU/RegisterFile/registerfileTestbench.vhd(20): WARNING: Positional port connection in entity/module instantiation <register_file> increases the risk of design errors, affects readability, and makes your code less adaptable. Use of explicit formal/effective port connection is highly recommended instead. (VHDL-9020)
C:/Users/Kheph/Documents/Projects/School/ECE449CPU/ECE449_LAB_CPU/RegisterFile/registerfileTestbench.vhd(20): WARNING: Positional port connection in entity/module instantiation <register_file> increases the risk of design errors, affects readability, and makes your code less adaptable. Use of explicit formal/effective port connection is highly recommended instead. (VHDL-9020)
C:/Users/Kheph/Documents/Projects/School/ECE449CPU/ECE449_LAB_CPU/RegisterFile/registerfileTestbench.vhd(20): WARNING: Positional port connection in entity/module instantiation <register_file> increases the risk of design errors, affects readability, and makes your code less adaptable. Use of explicit formal/effective port connection is highly recommended instead. (VHDL-9020)
C:/Users/Kheph/Documents/Projects/School/ECE449CPU/ECE449_LAB_CPU/RegisterFile/registerfileTestbench.vhd(20): WARNING: Positional port connection in entity/module instantiation <register_file> increases the risk of design errors, affects readability, and makes your code less adaptable. Use of explicit formal/effective port connection is highly recommended instead. (VHDL-9020)
C:/Users/Kheph/Documents/Projects/School/ECE449CPU/ECE449_LAB_CPU/RegisterFile/registerfileTestbench.vhd(20): WARNING: Positional port connection in entity/module instantiation <register_file> increases the risk of design errors, affects readability, and makes your code less adaptable. Use of explicit formal/effective port connection is highly recommended instead. (VHDL-9020)
C:/Users/Kheph/Documents/Projects/School/ECE449CPU/ECE449_LAB_CPU/RegisterFile/registerfileTestbench.vhd(20): WARNING: Positional port connection in entity/module instantiation <register_file> increases the risk of design errors, affects readability, and makes your code less adaptable. Use of explicit formal/effective port connection is highly recommended instead. (VHDL-9020)
C:/Users/Kheph/Documents/Projects/School/ECE449CPU/ECE449_LAB_CPU/RegisterFile/registerfileTestbench.vhd(20): WARNING: Positional port connection in entity/module instantiation <register_file> increases the risk of design errors, affects readability, and makes your code less adaptable. Use of explicit formal/effective port connection is highly recommended instead. (VHDL-9020)
C:/Users/Kheph/Documents/Projects/School/ECE449CPU/ECE449_LAB_CPU/RegisterFile/registerfileTestbench.vhd(20): WARNING: Positional port connection in entity/module instantiation <register_file> increases the risk of design errors, affects readability, and makes your code less adaptable. Use of explicit formal/effective port connection is highly recommended instead. (VHDL-9020)
-- Analyzing VHDL file "C:/Users/Kheph/Documents/Projects/School/ECE449CPU/ECE449_LAB_CPU/project_1/project_1.srcs/sources_1/new/utils.vhd" into library xil_defaultlib (VHDL-9003)
INFO: analyzing package 'utils'

INFO: analyzing package body 'utils'

Listing tops:
VHDLTop: library:xil_defaultlib entity:alu_tb arch:
VHDLTop: library:xil_defaultlib entity:alu_tb arch:
VHDLTop: library:xil_defaultlib entity:cpu_rom_tb arch:
VHDLTop: library:xil_defaultlib entity:cpu_rom_tb arch:
VHDLTop: library:xil_defaultlib entity:cpu_top_level_testbench arch:
VHDLTop: library:xil_defaultlib entity:cpu_top_level_testbench arch:
VHDLTop: library:xil_defaultlib entity:program_counter_tb arch:
VHDLTop: library:xil_defaultlib entity:program_counter_tb arch:
VHDLTop: library:xil_defaultlib entity:test_regfile arch:
VHDLTop: library:xil_defaultlib entity:test_regfile arch:
END of tops
C:/Users/Kheph/Documents/Projects/School/ECE449CPU/ECE449_LAB_CPU/ALU/ALU_Testbench.vhd(6): INFO: processing 'ALU_tb_default(testbench)' (VHDL-1067)
C:/Users/Kheph/Documents/Projects/School/ECE449CPU/ECE449_LAB_CPU/ALU/ALU_Testbench.vhd(17): ERROR: expression has 3 elements; formal 'alu_mode' expects 4 (VHDL-1549)
C:/Users/Kheph/Documents/Projects/School/ECE449CPU/ECE449_LAB_CPU/ALU/ALU_Testbench.vhd(17): ERROR: expression has 3 elements; formal 'alu_mode' expects 4 (VHDL-1549)
C:/Users/Kheph/Documents/Projects/School/ECE449CPU/ECE449_LAB_CPU/ALU/ALU.vhd(25): INFO: processing 'ALU_default(Behavioral)' (VHDL-1067)
C:/Users/Kheph/Documents/Projects/School/ECE449CPU/ECE449_LAB_CPU/ALU/ALU.vhd(29): ERROR: formal port 'alu_rst' has no actual or default value (VHDL-1768)
C:/Users/Kheph/Documents/Projects/School/ECE449CPU/ECE449_LAB_CPU/ROM/CPU_ROM_tb.vhd(5): INFO: processing 'CPU_ROM_tb_default(CPU_ROM_tb_ARCH)' (VHDL-1067)
C:/Users/Kheph/Documents/Projects/School/ECE449CPU/ECE449_LAB_CPU/ROM/CPU_ROM_tb.vhd(23): WARNING: 'cpu_rom' remains a black box since it has no binding entity (VHDL-1250)
C:/Users/Kheph/Documents/Projects/School/ECE449CPU/ECE449_LAB_CPU/project_1/project_1.srcs/sim_1/new/cpu_top_level_testbench.vhd(34): INFO: processing 'cpu_top_level_testbench_default(Behavioral)' (VHDL-1067)
C:/Users/Kheph/Documents/Projects/School/ECE449CPU/ECE449_LAB_CPU/project_1/project_1.srcs/sources_1/new/cpu_top_level.vhd(13): INFO: processing 'cpu_top_level_default(Behavioral)' (VHDL-1067)
C:/Users/Kheph/Documents/Projects/School/ECE449CPU/ECE449_LAB_CPU/Data Path/datapath.vhd(33): INFO: processing 'datapath_default(behavioural)' (VHDL-1067)
C:/Users/Kheph/Documents/Projects/School/ECE449CPU/ECE449_LAB_CPU/ProgramCounter/programCounter.vhd(28): INFO: processing 'program_counter_default(Behavioral)' (VHDL-1067)
C:/Users/Kheph/Documents/Projects/School/ECE449CPU/ECE449_LAB_CPU/project_1/project_1.srcs/sources_1/new/pipeline_reg_generic.vhd(34): INFO: processing '\pipeline_reg(width=25)\(Behavioral)' (VHDL-1067)
C:/Users/Kheph/Documents/Projects/School/ECE449CPU/ECE449_LAB_CPU/RegisterFile/registerfile.vhd(25): INFO: processing 'register_file_default(behavioural)' (VHDL-1067)
C:/Users/Kheph/Documents/Projects/School/ECE449CPU/ECE449_LAB_CPU/project_1/project_1.srcs/sources_1/new/pipeline_reg_generic.vhd(34): INFO: processing '\pipeline_reg(width=92)\(Behavioral)' (VHDL-1067)
C:/Users/Kheph/Documents/Projects/School/ECE449CPU/ECE449_LAB_CPU/project_1/project_1.srcs/sources_1/new/pipeline_reg_generic.vhd(34): INFO: processing '\pipeline_reg(width=23)\(Behavioral)' (VHDL-1067)
C:/Users/Kheph/Documents/Projects/School/ECE449CPU/ECE449_LAB_CPU/project_1/project_1.srcs/sources_1/new/branch_controller.vhd(27): INFO: processing 'branch_controller_default(Behavioral)' (VHDL-1067)
C:/Users/Kheph/Documents/Projects/School/ECE449CPU/ECE449_LAB_CPU/project_1/project_1.srcs/sources_1/new/pipeline_reg_generic.vhd(34): INFO: processing '\pipeline_reg(width=21)\(Behavioral)' (VHDL-1067)
C:/Users/Kheph/Documents/Projects/School/ECE449CPU/ECE449_LAB_CPU/Controller/controller_pipelined.vhd(5): INFO: processing 'controller_default(behavioral)' (VHDL-1067)
C:/Users/Kheph/Documents/Projects/School/ECE449CPU/ECE449_LAB_CPU/ProgramCounter/programCount_tb.vhd(5): INFO: processing 'program_counter_tb_default(Behavioral)' (VHDL-1067)
C:/Users/Kheph/Documents/Projects/School/ECE449CPU/ECE449_LAB_CPU/ProgramCounter/programCount_tb.vhd(15): ERROR: expression has 16 elements; expected 9 (VHDL-1077)
C:/Users/Kheph/Documents/Projects/School/ECE449CPU/ECE449_LAB_CPU/ProgramCounter/programCount_tb.vhd(16): ERROR: expression has 16 elements; expected 9 (VHDL-1077)
C:/Users/Kheph/Documents/Projects/School/ECE449CPU/ECE449_LAB_CPU/ProgramCounter/programCount_tb.vhd(15): ERROR: expression has 16 elements; expected 9 (VHDL-1077)
C:/Users/Kheph/Documents/Projects/School/ECE449CPU/ECE449_LAB_CPU/ProgramCounter/programCount_tb.vhd(16): ERROR: expression has 16 elements; expected 9 (VHDL-1077)
C:/Users/Kheph/Documents/Projects/School/ECE449CPU/ECE449_LAB_CPU/ProgramCounter/programCounter.vhd(31): ERROR: formal port 'rst_load' has no actual or default value (VHDL-1768)
C:/Users/Kheph/Documents/Projects/School/ECE449CPU/ECE449_LAB_CPU/ProgramCounter/programCounter.vhd(32): ERROR: formal port 'rst_execute' has no actual or default value (VHDL-1768)
C:/Users/Kheph/Documents/Projects/School/ECE449CPU/ECE449_LAB_CPU/RegisterFile/registerfileTestbench.vhd(7): INFO: processing 'test_regfile_default(behavioural)' (VHDL-1067)
C:/Users/Kheph/Documents/Projects/School/ECE449CPU/ECE449_LAB_CPU/RegisterFile/registerfile.vhd(38): ERROR: formal port 'wr_en_pc' has no actual or default value (VHDL-1768)
C:/Users/Kheph/Documents/Projects/School/ECE449CPU/ECE449_LAB_CPU/RegisterFile/registerfile.vhd(39): ERROR: formal port 'reg_rd_link' has no actual or default value (VHDL-1768)
srcscan exits with return value 0
