Copyright 1986-2022 Xilinx, Inc. All Rights Reserved. Copyright 2022-2025 Advanced Micro Devices, Inc. All Rights Reserved.
---------------------------------------------------------------------------------------------------------------------------------------------
| Tool Version : Vivado v.2025.1 (win64) Build 6140274 Thu May 22 00:12:29 MDT 2025
| Date         : Wed Apr  8 17:08:00 2026
| Host         : reckons-laptop running 64-bit major release  (build 9200)
| Command      : report_control_sets -verbose -file cpu_top_level_control_sets_placed.rpt
| Design       : cpu_top_level
| Device       : xc7a35t
---------------------------------------------------------------------------------------------------------------------------------------------

Control Set Information

Table of Contents
-----------------
1. Summary
2. Histogram
3. Flip-Flop Distribution
4. Detailed Control Set Information

1. Summary
----------

+----------------------------------------------------------+-------+
|                          Status                          | Count |
+----------------------------------------------------------+-------+
| Total control sets                                       |    25 |
|    Minimum number of control sets                        |    25 |
|    Addition due to synthesis replication                 |     0 |
|    Addition due to physical synthesis replication        |     0 |
| Unused register locations in slices containing registers |    20 |
+----------------------------------------------------------+-------+
* Control sets can be merged at opt_design using control_set_merge or merge_equivalent_drivers
** Run report_qor_suggestions for automated merging and remapping suggestions


2. Histogram
------------

+--------------------+-------+
|       Fanout       | Count |
+--------------------+-------+
| Total control sets |    25 |
| >= 0 to < 4        |     1 |
| >= 4 to < 6        |     0 |
| >= 6 to < 8        |     0 |
| >= 8 to < 10       |     0 |
| >= 10 to < 12      |     0 |
| >= 12 to < 14      |     1 |
| >= 14 to < 16      |     0 |
| >= 16              |    23 |
+--------------------+-------+
* Control sets can be remapped at either synth_design or opt_design


3. Flip-Flop Distribution
-------------------------

+--------------+-----------------------+------------------------+-----------------+--------------+
| Clock Enable | Synchronous Set/Reset | Asynchronous Set/Reset | Total Registers | Total Slices |
+--------------+-----------------------+------------------------+-----------------+--------------+
| No           | No                    | No                     |              63 |           29 |
| No           | No                    | Yes                    |               0 |            0 |
| No           | Yes                   | No                     |             170 |           87 |
| Yes          | No                    | No                     |              16 |            2 |
| Yes          | No                    | Yes                    |               0 |            0 |
| Yes          | Yes                   | No                     |             171 |           47 |
+--------------+-----------------------+------------------------+-----------------+--------------+


4. Detailed Control Set Information
-----------------------------------

+--------------------------------------------+---------------------------------------------------------------------------------------------------------------------------------------+------------------------------------+------------------+----------------+--------------+
|                Clock Signal                |                                                             Enable Signal                                                             |          Set/Reset Signal          | Slice Load Count | Bel Load Count | Bels / Slice |
+--------------------------------------------+---------------------------------------------------------------------------------------------------------------------------------------+------------------------------------+------------------+----------------+--------------+
| ~clk_IBUF_BUFG                             |                                                                                                                                       |                                    |                2 |              2 |         1.00 |
| ~clk_IBUF_BUFG                             |                                                                                                                                       | datapath/RF_inst/fwd_rst           |                6 |             12 |         2.00 |
|  datapath/ID_EX_inst/data_out_reg[53]_0[0] |                                                                                                                                       |                                    |                4 |             16 |         4.00 |
|  datapath/ID_EX_inst/data_out_reg[53]_1[0] |                                                                                                                                       |                                    |                4 |             16 |         4.00 |
|  clk_IBUF_BUFG                             | datapath/MEM_WB_inst/data_out_reg[20]_0[0]                                                                                            |                                    |                2 |             16 |         8.00 |
| ~clk_IBUF_BUFG                             | datapath/MEM_WB_inst/data_out_reg[18]_0[0]                                                                                            | datapath/RF_inst/fwd_rst           |                6 |             16 |         2.67 |
| ~clk_IBUF_BUFG                             | datapath/MEM_WB_inst/data_out_reg[18]_1[0]                                                                                            | datapath/RF_inst/fwd_rst           |                2 |             16 |         8.00 |
| ~clk_IBUF_BUFG                             | datapath/MEM_WB_inst/E[0]                                                                                                             | datapath/RF_inst/fwd_rst           |                2 |             16 |         8.00 |
| ~clk_IBUF_BUFG                             | datapath/MEM_WB_inst/data_out_reg[19]_2[0]                                                                                            | datapath/RF_inst/fwd_rst           |                2 |             16 |         8.00 |
| ~clk_IBUF_BUFG                             | datapath/MEM_WB_inst/data_out_reg[19]_3[0]                                                                                            | datapath/RF_inst/fwd_rst           |                8 |             16 |         2.00 |
| ~clk_IBUF_BUFG                             | datapath/MEM_WB_inst/data_out_reg[18]_2[0]                                                                                            | datapath/RF_inst/fwd_rst           |                4 |             16 |         4.00 |
| ~clk_IBUF_BUFG                             | datapath/MEM_WB_inst/data_out_reg[19]_1[0]                                                                                            | datapath/RF_inst/fwd_rst           |                4 |             16 |         4.00 |
| ~clk_IBUF_BUFG                             | datapath/MEM_WB_inst/data_out_reg[18]_3[0]                                                                                            | datapath/RF_inst/fwd_rst           |                3 |             16 |         5.33 |
|  clk_IBUF_BUFG                             |                                                                                                                                       |                                    |               19 |             29 |         1.53 |
|  clk_IBUF_BUFG                             | datapath/RAM_inst/xpm_memory_dpdistram_inst/xpm_memory_base_inst/gen_wr_a.gen_byte_narrow.for_mem_cols[1].mem_reg_128_255_0_0_i_1_n_0 |                                    |                8 |             32 |         4.00 |
|  clk_IBUF_BUFG                             | datapath/RAM_inst/xpm_memory_dpdistram_inst/xpm_memory_base_inst/gen_wr_a.gen_byte_narrow.for_mem_cols[1].mem_reg_0_127_0_0_i_1_n_0   |                                    |                8 |             32 |         4.00 |
|  clk_IBUF_BUFG                             | datapath/RAM_inst/xpm_memory_dpdistram_inst/xpm_memory_base_inst/gen_wr_a.gen_byte_narrow.for_mem_cols[1].mem_reg_0_127_8_8_i_1_n_0   |                                    |                8 |             32 |         4.00 |
|  clk_IBUF_BUFG                             | datapath/RAM_inst/xpm_memory_dpdistram_inst/xpm_memory_base_inst/gen_wr_a.gen_byte_narrow.for_mem_cols[1].mem_reg_384_511_0_0_i_1_n_0 |                                    |                8 |             32 |         4.00 |
|  clk_IBUF_BUFG                             | datapath/RAM_inst/xpm_memory_dpdistram_inst/xpm_memory_base_inst/gen_wr_a.gen_byte_narrow.for_mem_cols[1].mem_reg_256_383_0_0_i_1_n_0 |                                    |                8 |             32 |         4.00 |
|  clk_IBUF_BUFG                             | datapath/RAM_inst/xpm_memory_dpdistram_inst/xpm_memory_base_inst/gen_wr_a.gen_byte_narrow.for_mem_cols[1].mem_reg_256_383_8_8_i_1_n_0 |                                    |                8 |             32 |         4.00 |
|  clk_IBUF_BUFG                             | datapath/RAM_inst/xpm_memory_dpdistram_inst/xpm_memory_base_inst/gen_wr_a.gen_byte_narrow.for_mem_cols[1].mem_reg_128_255_8_8_i_1_n_0 |                                    |                8 |             32 |         4.00 |
|  clk_IBUF_BUFG                             | datapath/RAM_inst/xpm_memory_dpdistram_inst/xpm_memory_base_inst/gen_wr_a.gen_byte_narrow.for_mem_cols[1].mem_reg_384_511_8_8_i_1_n_0 |                                    |                8 |             32 |         4.00 |
|  clk_IBUF_BUFG                             | datapath/ID_EX_inst/E[0]                                                                                                              | datapath/Branch_control_inst/SR[0] |               16 |             43 |         2.69 |
|  clk_IBUF_BUFG                             |                                                                                                                                       | datapath/RF_inst/fwd_rst           |               39 |             72 |         1.85 |
|  clk_IBUF_BUFG                             |                                                                                                                                       | datapath/ID_EX_inst/id_ex_rst      |               42 |             86 |         2.05 |
+--------------------------------------------+---------------------------------------------------------------------------------------------------------------------------------------+------------------------------------+------------------+----------------+--------------+


