
*** Running vivado
    with args -log cpu_top_level.vdi -applog -m64 -product Vivado -messageDb vivado.pb -mode batch -source cpu_top_level.tcl -notrace



****** Vivado v2025.1 (64-bit)
  **** SW Build 6140274 on Thu May 22 00:12:29 MDT 2025
  **** IP Build 6138677 on Thu May 22 03:10:11 MDT 2025
  **** SharedData Build 6139179 on Tue May 20 17:58:58 MDT 2025
  **** Start of session at: Wed Apr  8 17:07:20 2026
    ** Copyright 1986-2022 Xilinx, Inc. All Rights Reserved.
    ** Copyright 2022-2025 Advanced Micro Devices, Inc. All Rights Reserved.

source cpu_top_level.tcl -notrace
create_project: Time (s): cpu = 00:00:12 ; elapsed = 00:00:08 . Memory (MB): peak = 589.211 ; gain = 212.340
Command: link_design -top cpu_top_level -part xc7a35tcpg236-1
Design is defaulting to srcset: sources_1
Design is defaulting to constrset: constrs_1
INFO: [Device 21-403] Loading part xc7a35tcpg236-1
INFO: [Project 1-5699] Read binary netlist with skipMacroContent - 1
INFO: [Project 1-454] Reading design checkpoint 'c:/Users/Kheph/Documents/Projects/School/ECE449CPU/ECE449_LAB_CPU/ECE449CPU_2025.2/ECE449CPU_2025.2.gen/sources_1/ip/CPU_ROM/CPU_ROM.dcp' for cell 'datapath/ROM_inst/blk_mem_gen_0'
Netlist sorting complete. Time (s): cpu = 00:00:00 ; elapsed = 00:00:00.011 . Memory (MB): peak = 813.723 ; gain = 0.000
INFO: [Netlist 29-17] Analyzing 92 Unisim elements for replacement
INFO: [Netlist 29-28] Unisim Transformation completed in 0 CPU seconds
INFO: [Project 1-479] Netlist was created with Vivado 2025.1
INFO: [Project 1-570] Preparing netlist for logic optimization
Parsing XDC File [C:/Users/Kheph/Documents/Projects/School/ECE449CPU/ECE449_LAB_CPU/BASYS3_Master.xdc]
WARNING: [Vivado 12-584] No ports matched 'A[0]'. [C:/Users/Kheph/Documents/Projects/School/ECE449CPU/ECE449_LAB_CPU/BASYS3_Master.xdc:12]
CRITICAL WARNING: [Common 17-55] 'set_property' expects at least one object. [C:/Users/Kheph/Documents/Projects/School/ECE449CPU/ECE449_LAB_CPU/BASYS3_Master.xdc:12]
Resolution: If [get_<value>] was used to populate the object, check to make sure this command returns at least one valid object.
WARNING: [Vivado 12-584] No ports matched 'A[0]'. [C:/Users/Kheph/Documents/Projects/School/ECE449CPU/ECE449_LAB_CPU/BASYS3_Master.xdc:13]
CRITICAL WARNING: [Common 17-55] 'set_property' expects at least one object. [C:/Users/Kheph/Documents/Projects/School/ECE449CPU/ECE449_LAB_CPU/BASYS3_Master.xdc:13]
Resolution: If [get_<value>] was used to populate the object, check to make sure this command returns at least one valid object.
WARNING: [Vivado 12-584] No ports matched 'A[1]'. [C:/Users/Kheph/Documents/Projects/School/ECE449CPU/ECE449_LAB_CPU/BASYS3_Master.xdc:14]
CRITICAL WARNING: [Common 17-55] 'set_property' expects at least one object. [C:/Users/Kheph/Documents/Projects/School/ECE449CPU/ECE449_LAB_CPU/BASYS3_Master.xdc:14]
Resolution: If [get_<value>] was used to populate the object, check to make sure this command returns at least one valid object.
WARNING: [Vivado 12-584] No ports matched 'A[1]'. [C:/Users/Kheph/Documents/Projects/School/ECE449CPU/ECE449_LAB_CPU/BASYS3_Master.xdc:15]
CRITICAL WARNING: [Common 17-55] 'set_property' expects at least one object. [C:/Users/Kheph/Documents/Projects/School/ECE449CPU/ECE449_LAB_CPU/BASYS3_Master.xdc:15]
Resolution: If [get_<value>] was used to populate the object, check to make sure this command returns at least one valid object.
WARNING: [Vivado 12-584] No ports matched 'A[2]'. [C:/Users/Kheph/Documents/Projects/School/ECE449CPU/ECE449_LAB_CPU/BASYS3_Master.xdc:16]
CRITICAL WARNING: [Common 17-55] 'set_property' expects at least one object. [C:/Users/Kheph/Documents/Projects/School/ECE449CPU/ECE449_LAB_CPU/BASYS3_Master.xdc:16]
Resolution: If [get_<value>] was used to populate the object, check to make sure this command returns at least one valid object.
WARNING: [Vivado 12-584] No ports matched 'A[2]'. [C:/Users/Kheph/Documents/Projects/School/ECE449CPU/ECE449_LAB_CPU/BASYS3_Master.xdc:17]
CRITICAL WARNING: [Common 17-55] 'set_property' expects at least one object. [C:/Users/Kheph/Documents/Projects/School/ECE449CPU/ECE449_LAB_CPU/BASYS3_Master.xdc:17]
Resolution: If [get_<value>] was used to populate the object, check to make sure this command returns at least one valid object.
WARNING: [Vivado 12-584] No ports matched 'A[3]'. [C:/Users/Kheph/Documents/Projects/School/ECE449CPU/ECE449_LAB_CPU/BASYS3_Master.xdc:18]
CRITICAL WARNING: [Common 17-55] 'set_property' expects at least one object. [C:/Users/Kheph/Documents/Projects/School/ECE449CPU/ECE449_LAB_CPU/BASYS3_Master.xdc:18]
Resolution: If [get_<value>] was used to populate the object, check to make sure this command returns at least one valid object.
WARNING: [Vivado 12-584] No ports matched 'A[3]'. [C:/Users/Kheph/Documents/Projects/School/ECE449CPU/ECE449_LAB_CPU/BASYS3_Master.xdc:19]
CRITICAL WARNING: [Common 17-55] 'set_property' expects at least one object. [C:/Users/Kheph/Documents/Projects/School/ECE449CPU/ECE449_LAB_CPU/BASYS3_Master.xdc:19]
Resolution: If [get_<value>] was used to populate the object, check to make sure this command returns at least one valid object.
WARNING: [Vivado 12-584] No ports matched 'A[4]'. [C:/Users/Kheph/Documents/Projects/School/ECE449CPU/ECE449_LAB_CPU/BASYS3_Master.xdc:20]
CRITICAL WARNING: [Common 17-55] 'set_property' expects at least one object. [C:/Users/Kheph/Documents/Projects/School/ECE449CPU/ECE449_LAB_CPU/BASYS3_Master.xdc:20]
Resolution: If [get_<value>] was used to populate the object, check to make sure this command returns at least one valid object.
WARNING: [Vivado 12-584] No ports matched 'A[4]'. [C:/Users/Kheph/Documents/Projects/School/ECE449CPU/ECE449_LAB_CPU/BASYS3_Master.xdc:21]
CRITICAL WARNING: [Common 17-55] 'set_property' expects at least one object. [C:/Users/Kheph/Documents/Projects/School/ECE449CPU/ECE449_LAB_CPU/BASYS3_Master.xdc:21]
Resolution: If [get_<value>] was used to populate the object, check to make sure this command returns at least one valid object.
WARNING: [Vivado 12-584] No ports matched 'A[5]'. [C:/Users/Kheph/Documents/Projects/School/ECE449CPU/ECE449_LAB_CPU/BASYS3_Master.xdc:22]
CRITICAL WARNING: [Common 17-55] 'set_property' expects at least one object. [C:/Users/Kheph/Documents/Projects/School/ECE449CPU/ECE449_LAB_CPU/BASYS3_Master.xdc:22]
Resolution: If [get_<value>] was used to populate the object, check to make sure this command returns at least one valid object.
WARNING: [Vivado 12-584] No ports matched 'A[5]'. [C:/Users/Kheph/Documents/Projects/School/ECE449CPU/ECE449_LAB_CPU/BASYS3_Master.xdc:23]
CRITICAL WARNING: [Common 17-55] 'set_property' expects at least one object. [C:/Users/Kheph/Documents/Projects/School/ECE449CPU/ECE449_LAB_CPU/BASYS3_Master.xdc:23]
Resolution: If [get_<value>] was used to populate the object, check to make sure this command returns at least one valid object.
WARNING: [Vivado 12-584] No ports matched 'A[6]'. [C:/Users/Kheph/Documents/Projects/School/ECE449CPU/ECE449_LAB_CPU/BASYS3_Master.xdc:24]
CRITICAL WARNING: [Common 17-55] 'set_property' expects at least one object. [C:/Users/Kheph/Documents/Projects/School/ECE449CPU/ECE449_LAB_CPU/BASYS3_Master.xdc:24]
Resolution: If [get_<value>] was used to populate the object, check to make sure this command returns at least one valid object.
WARNING: [Vivado 12-584] No ports matched 'A[6]'. [C:/Users/Kheph/Documents/Projects/School/ECE449CPU/ECE449_LAB_CPU/BASYS3_Master.xdc:25]
CRITICAL WARNING: [Common 17-55] 'set_property' expects at least one object. [C:/Users/Kheph/Documents/Projects/School/ECE449CPU/ECE449_LAB_CPU/BASYS3_Master.xdc:25]
Resolution: If [get_<value>] was used to populate the object, check to make sure this command returns at least one valid object.
WARNING: [Vivado 12-584] No ports matched 'A[7]'. [C:/Users/Kheph/Documents/Projects/School/ECE449CPU/ECE449_LAB_CPU/BASYS3_Master.xdc:26]
CRITICAL WARNING: [Common 17-55] 'set_property' expects at least one object. [C:/Users/Kheph/Documents/Projects/School/ECE449CPU/ECE449_LAB_CPU/BASYS3_Master.xdc:26]
Resolution: If [get_<value>] was used to populate the object, check to make sure this command returns at least one valid object.
WARNING: [Vivado 12-584] No ports matched 'A[7]'. [C:/Users/Kheph/Documents/Projects/School/ECE449CPU/ECE449_LAB_CPU/BASYS3_Master.xdc:27]
CRITICAL WARNING: [Common 17-55] 'set_property' expects at least one object. [C:/Users/Kheph/Documents/Projects/School/ECE449CPU/ECE449_LAB_CPU/BASYS3_Master.xdc:27]
Resolution: If [get_<value>] was used to populate the object, check to make sure this command returns at least one valid object.
WARNING: [Vivado 12-584] No ports matched 'B[0]'. [C:/Users/Kheph/Documents/Projects/School/ECE449CPU/ECE449_LAB_CPU/BASYS3_Master.xdc:28]
CRITICAL WARNING: [Common 17-55] 'set_property' expects at least one object. [C:/Users/Kheph/Documents/Projects/School/ECE449CPU/ECE449_LAB_CPU/BASYS3_Master.xdc:28]
Resolution: If [get_<value>] was used to populate the object, check to make sure this command returns at least one valid object.
WARNING: [Vivado 12-584] No ports matched 'B[0]'. [C:/Users/Kheph/Documents/Projects/School/ECE449CPU/ECE449_LAB_CPU/BASYS3_Master.xdc:29]
CRITICAL WARNING: [Common 17-55] 'set_property' expects at least one object. [C:/Users/Kheph/Documents/Projects/School/ECE449CPU/ECE449_LAB_CPU/BASYS3_Master.xdc:29]
Resolution: If [get_<value>] was used to populate the object, check to make sure this command returns at least one valid object.
WARNING: [Vivado 12-584] No ports matched 'B[1]'. [C:/Users/Kheph/Documents/Projects/School/ECE449CPU/ECE449_LAB_CPU/BASYS3_Master.xdc:30]
CRITICAL WARNING: [Common 17-55] 'set_property' expects at least one object. [C:/Users/Kheph/Documents/Projects/School/ECE449CPU/ECE449_LAB_CPU/BASYS3_Master.xdc:30]
Resolution: If [get_<value>] was used to populate the object, check to make sure this command returns at least one valid object.
WARNING: [Vivado 12-584] No ports matched 'B[1]'. [C:/Users/Kheph/Documents/Projects/School/ECE449CPU/ECE449_LAB_CPU/BASYS3_Master.xdc:31]
CRITICAL WARNING: [Common 17-55] 'set_property' expects at least one object. [C:/Users/Kheph/Documents/Projects/School/ECE449CPU/ECE449_LAB_CPU/BASYS3_Master.xdc:31]
Resolution: If [get_<value>] was used to populate the object, check to make sure this command returns at least one valid object.
WARNING: [Vivado 12-584] No ports matched 'B[2]'. [C:/Users/Kheph/Documents/Projects/School/ECE449CPU/ECE449_LAB_CPU/BASYS3_Master.xdc:32]
CRITICAL WARNING: [Common 17-55] 'set_property' expects at least one object. [C:/Users/Kheph/Documents/Projects/School/ECE449CPU/ECE449_LAB_CPU/BASYS3_Master.xdc:32]
Resolution: If [get_<value>] was used to populate the object, check to make sure this command returns at least one valid object.
WARNING: [Vivado 12-584] No ports matched 'B[2]'. [C:/Users/Kheph/Documents/Projects/School/ECE449CPU/ECE449_LAB_CPU/BASYS3_Master.xdc:33]
CRITICAL WARNING: [Common 17-55] 'set_property' expects at least one object. [C:/Users/Kheph/Documents/Projects/School/ECE449CPU/ECE449_LAB_CPU/BASYS3_Master.xdc:33]
Resolution: If [get_<value>] was used to populate the object, check to make sure this command returns at least one valid object.
WARNING: [Vivado 12-584] No ports matched 'B[3]'. [C:/Users/Kheph/Documents/Projects/School/ECE449CPU/ECE449_LAB_CPU/BASYS3_Master.xdc:34]
CRITICAL WARNING: [Common 17-55] 'set_property' expects at least one object. [C:/Users/Kheph/Documents/Projects/School/ECE449CPU/ECE449_LAB_CPU/BASYS3_Master.xdc:34]
Resolution: If [get_<value>] was used to populate the object, check to make sure this command returns at least one valid object.
WARNING: [Vivado 12-584] No ports matched 'B[3]'. [C:/Users/Kheph/Documents/Projects/School/ECE449CPU/ECE449_LAB_CPU/BASYS3_Master.xdc:35]
CRITICAL WARNING: [Common 17-55] 'set_property' expects at least one object. [C:/Users/Kheph/Documents/Projects/School/ECE449CPU/ECE449_LAB_CPU/BASYS3_Master.xdc:35]
Resolution: If [get_<value>] was used to populate the object, check to make sure this command returns at least one valid object.
WARNING: [Vivado 12-584] No ports matched 'B[4]'. [C:/Users/Kheph/Documents/Projects/School/ECE449CPU/ECE449_LAB_CPU/BASYS3_Master.xdc:36]
CRITICAL WARNING: [Common 17-55] 'set_property' expects at least one object. [C:/Users/Kheph/Documents/Projects/School/ECE449CPU/ECE449_LAB_CPU/BASYS3_Master.xdc:36]
Resolution: If [get_<value>] was used to populate the object, check to make sure this command returns at least one valid object.
WARNING: [Vivado 12-584] No ports matched 'B[4]'. [C:/Users/Kheph/Documents/Projects/School/ECE449CPU/ECE449_LAB_CPU/BASYS3_Master.xdc:37]
CRITICAL WARNING: [Common 17-55] 'set_property' expects at least one object. [C:/Users/Kheph/Documents/Projects/School/ECE449CPU/ECE449_LAB_CPU/BASYS3_Master.xdc:37]
Resolution: If [get_<value>] was used to populate the object, check to make sure this command returns at least one valid object.
WARNING: [Vivado 12-584] No ports matched 'B[5]'. [C:/Users/Kheph/Documents/Projects/School/ECE449CPU/ECE449_LAB_CPU/BASYS3_Master.xdc:38]
CRITICAL WARNING: [Common 17-55] 'set_property' expects at least one object. [C:/Users/Kheph/Documents/Projects/School/ECE449CPU/ECE449_LAB_CPU/BASYS3_Master.xdc:38]
Resolution: If [get_<value>] was used to populate the object, check to make sure this command returns at least one valid object.
WARNING: [Vivado 12-584] No ports matched 'B[5]'. [C:/Users/Kheph/Documents/Projects/School/ECE449CPU/ECE449_LAB_CPU/BASYS3_Master.xdc:39]
CRITICAL WARNING: [Common 17-55] 'set_property' expects at least one object. [C:/Users/Kheph/Documents/Projects/School/ECE449CPU/ECE449_LAB_CPU/BASYS3_Master.xdc:39]
Resolution: If [get_<value>] was used to populate the object, check to make sure this command returns at least one valid object.
WARNING: [Vivado 12-584] No ports matched 'B[6]'. [C:/Users/Kheph/Documents/Projects/School/ECE449CPU/ECE449_LAB_CPU/BASYS3_Master.xdc:40]
CRITICAL WARNING: [Common 17-55] 'set_property' expects at least one object. [C:/Users/Kheph/Documents/Projects/School/ECE449CPU/ECE449_LAB_CPU/BASYS3_Master.xdc:40]
Resolution: If [get_<value>] was used to populate the object, check to make sure this command returns at least one valid object.
WARNING: [Vivado 12-584] No ports matched 'B[6]'. [C:/Users/Kheph/Documents/Projects/School/ECE449CPU/ECE449_LAB_CPU/BASYS3_Master.xdc:41]
CRITICAL WARNING: [Common 17-55] 'set_property' expects at least one object. [C:/Users/Kheph/Documents/Projects/School/ECE449CPU/ECE449_LAB_CPU/BASYS3_Master.xdc:41]
Resolution: If [get_<value>] was used to populate the object, check to make sure this command returns at least one valid object.
WARNING: [Vivado 12-584] No ports matched 'B[7]'. [C:/Users/Kheph/Documents/Projects/School/ECE449CPU/ECE449_LAB_CPU/BASYS3_Master.xdc:42]
CRITICAL WARNING: [Common 17-55] 'set_property' expects at least one object. [C:/Users/Kheph/Documents/Projects/School/ECE449CPU/ECE449_LAB_CPU/BASYS3_Master.xdc:42]
Resolution: If [get_<value>] was used to populate the object, check to make sure this command returns at least one valid object.
WARNING: [Vivado 12-584] No ports matched 'B[7]'. [C:/Users/Kheph/Documents/Projects/School/ECE449CPU/ECE449_LAB_CPU/BASYS3_Master.xdc:43]
CRITICAL WARNING: [Common 17-55] 'set_property' expects at least one object. [C:/Users/Kheph/Documents/Projects/School/ECE449CPU/ECE449_LAB_CPU/BASYS3_Master.xdc:43]
Resolution: If [get_<value>] was used to populate the object, check to make sure this command returns at least one valid object.
WARNING: [Vivado 12-584] No ports matched 'Sum[0]'. [C:/Users/Kheph/Documents/Projects/School/ECE449CPU/ECE449_LAB_CPU/BASYS3_Master.xdc:47]
CRITICAL WARNING: [Common 17-55] 'set_property' expects at least one object. [C:/Users/Kheph/Documents/Projects/School/ECE449CPU/ECE449_LAB_CPU/BASYS3_Master.xdc:47]
Resolution: If [get_<value>] was used to populate the object, check to make sure this command returns at least one valid object.
WARNING: [Vivado 12-584] No ports matched 'Sum[0]'. [C:/Users/Kheph/Documents/Projects/School/ECE449CPU/ECE449_LAB_CPU/BASYS3_Master.xdc:48]
CRITICAL WARNING: [Common 17-55] 'set_property' expects at least one object. [C:/Users/Kheph/Documents/Projects/School/ECE449CPU/ECE449_LAB_CPU/BASYS3_Master.xdc:48]
Resolution: If [get_<value>] was used to populate the object, check to make sure this command returns at least one valid object.
WARNING: [Vivado 12-584] No ports matched 'Sum[1]'. [C:/Users/Kheph/Documents/Projects/School/ECE449CPU/ECE449_LAB_CPU/BASYS3_Master.xdc:49]
CRITICAL WARNING: [Common 17-55] 'set_property' expects at least one object. [C:/Users/Kheph/Documents/Projects/School/ECE449CPU/ECE449_LAB_CPU/BASYS3_Master.xdc:49]
Resolution: If [get_<value>] was used to populate the object, check to make sure this command returns at least one valid object.
WARNING: [Vivado 12-584] No ports matched 'Sum[1]'. [C:/Users/Kheph/Documents/Projects/School/ECE449CPU/ECE449_LAB_CPU/BASYS3_Master.xdc:50]
CRITICAL WARNING: [Common 17-55] 'set_property' expects at least one object. [C:/Users/Kheph/Documents/Projects/School/ECE449CPU/ECE449_LAB_CPU/BASYS3_Master.xdc:50]
Resolution: If [get_<value>] was used to populate the object, check to make sure this command returns at least one valid object.
WARNING: [Vivado 12-584] No ports matched 'Sum[2]'. [C:/Users/Kheph/Documents/Projects/School/ECE449CPU/ECE449_LAB_CPU/BASYS3_Master.xdc:51]
CRITICAL WARNING: [Common 17-55] 'set_property' expects at least one object. [C:/Users/Kheph/Documents/Projects/School/ECE449CPU/ECE449_LAB_CPU/BASYS3_Master.xdc:51]
Resolution: If [get_<value>] was used to populate the object, check to make sure this command returns at least one valid object.
WARNING: [Vivado 12-584] No ports matched 'Sum[2]'. [C:/Users/Kheph/Documents/Projects/School/ECE449CPU/ECE449_LAB_CPU/BASYS3_Master.xdc:52]
CRITICAL WARNING: [Common 17-55] 'set_property' expects at least one object. [C:/Users/Kheph/Documents/Projects/School/ECE449CPU/ECE449_LAB_CPU/BASYS3_Master.xdc:52]
Resolution: If [get_<value>] was used to populate the object, check to make sure this command returns at least one valid object.
WARNING: [Vivado 12-584] No ports matched 'Sum[3]'. [C:/Users/Kheph/Documents/Projects/School/ECE449CPU/ECE449_LAB_CPU/BASYS3_Master.xdc:53]
CRITICAL WARNING: [Common 17-55] 'set_property' expects at least one object. [C:/Users/Kheph/Documents/Projects/School/ECE449CPU/ECE449_LAB_CPU/BASYS3_Master.xdc:53]
Resolution: If [get_<value>] was used to populate the object, check to make sure this command returns at least one valid object.
WARNING: [Vivado 12-584] No ports matched 'Sum[3]'. [C:/Users/Kheph/Documents/Projects/School/ECE449CPU/ECE449_LAB_CPU/BASYS3_Master.xdc:54]
CRITICAL WARNING: [Common 17-55] 'set_property' expects at least one object. [C:/Users/Kheph/Documents/Projects/School/ECE449CPU/ECE449_LAB_CPU/BASYS3_Master.xdc:54]
Resolution: If [get_<value>] was used to populate the object, check to make sure this command returns at least one valid object.
WARNING: [Vivado 12-584] No ports matched 'Sum[4]'. [C:/Users/Kheph/Documents/Projects/School/ECE449CPU/ECE449_LAB_CPU/BASYS3_Master.xdc:55]
CRITICAL WARNING: [Common 17-55] 'set_property' expects at least one object. [C:/Users/Kheph/Documents/Projects/School/ECE449CPU/ECE449_LAB_CPU/BASYS3_Master.xdc:55]
Resolution: If [get_<value>] was used to populate the object, check to make sure this command returns at least one valid object.
WARNING: [Vivado 12-584] No ports matched 'Sum[4]'. [C:/Users/Kheph/Documents/Projects/School/ECE449CPU/ECE449_LAB_CPU/BASYS3_Master.xdc:56]
CRITICAL WARNING: [Common 17-55] 'set_property' expects at least one object. [C:/Users/Kheph/Documents/Projects/School/ECE449CPU/ECE449_LAB_CPU/BASYS3_Master.xdc:56]
Resolution: If [get_<value>] was used to populate the object, check to make sure this command returns at least one valid object.
WARNING: [Vivado 12-584] No ports matched 'Sum[5]'. [C:/Users/Kheph/Documents/Projects/School/ECE449CPU/ECE449_LAB_CPU/BASYS3_Master.xdc:57]
CRITICAL WARNING: [Common 17-55] 'set_property' expects at least one object. [C:/Users/Kheph/Documents/Projects/School/ECE449CPU/ECE449_LAB_CPU/BASYS3_Master.xdc:57]
Resolution: If [get_<value>] was used to populate the object, check to make sure this command returns at least one valid object.
WARNING: [Vivado 12-584] No ports matched 'Sum[5]'. [C:/Users/Kheph/Documents/Projects/School/ECE449CPU/ECE449_LAB_CPU/BASYS3_Master.xdc:58]
CRITICAL WARNING: [Common 17-55] 'set_property' expects at least one object. [C:/Users/Kheph/Documents/Projects/School/ECE449CPU/ECE449_LAB_CPU/BASYS3_Master.xdc:58]
Resolution: If [get_<value>] was used to populate the object, check to make sure this command returns at least one valid object.
WARNING: [Vivado 12-584] No ports matched 'Sum[6]'. [C:/Users/Kheph/Documents/Projects/School/ECE449CPU/ECE449_LAB_CPU/BASYS3_Master.xdc:59]
CRITICAL WARNING: [Common 17-55] 'set_property' expects at least one object. [C:/Users/Kheph/Documents/Projects/School/ECE449CPU/ECE449_LAB_CPU/BASYS3_Master.xdc:59]
Resolution: If [get_<value>] was used to populate the object, check to make sure this command returns at least one valid object.
WARNING: [Vivado 12-584] No ports matched 'Sum[6]'. [C:/Users/Kheph/Documents/Projects/School/ECE449CPU/ECE449_LAB_CPU/BASYS3_Master.xdc:60]
CRITICAL WARNING: [Common 17-55] 'set_property' expects at least one object. [C:/Users/Kheph/Documents/Projects/School/ECE449CPU/ECE449_LAB_CPU/BASYS3_Master.xdc:60]
Resolution: If [get_<value>] was used to populate the object, check to make sure this command returns at least one valid object.
WARNING: [Vivado 12-584] No ports matched 'Sum[7]'. [C:/Users/Kheph/Documents/Projects/School/ECE449CPU/ECE449_LAB_CPU/BASYS3_Master.xdc:61]
CRITICAL WARNING: [Common 17-55] 'set_property' expects at least one object. [C:/Users/Kheph/Documents/Projects/School/ECE449CPU/ECE449_LAB_CPU/BASYS3_Master.xdc:61]
Resolution: If [get_<value>] was used to populate the object, check to make sure this command returns at least one valid object.
WARNING: [Vivado 12-584] No ports matched 'Sum[7]'. [C:/Users/Kheph/Documents/Projects/School/ECE449CPU/ECE449_LAB_CPU/BASYS3_Master.xdc:62]
CRITICAL WARNING: [Common 17-55] 'set_property' expects at least one object. [C:/Users/Kheph/Documents/Projects/School/ECE449CPU/ECE449_LAB_CPU/BASYS3_Master.xdc:62]
Resolution: If [get_<value>] was used to populate the object, check to make sure this command returns at least one valid object.
WARNING: [Vivado 12-584] No ports matched 'Cout'. [C:/Users/Kheph/Documents/Projects/School/ECE449CPU/ECE449_LAB_CPU/BASYS3_Master.xdc:63]
CRITICAL WARNING: [Common 17-55] 'set_property' expects at least one object. [C:/Users/Kheph/Documents/Projects/School/ECE449CPU/ECE449_LAB_CPU/BASYS3_Master.xdc:63]
Resolution: If [get_<value>] was used to populate the object, check to make sure this command returns at least one valid object.
WARNING: [Vivado 12-584] No ports matched 'Cout'. [C:/Users/Kheph/Documents/Projects/School/ECE449CPU/ECE449_LAB_CPU/BASYS3_Master.xdc:64]
CRITICAL WARNING: [Common 17-55] 'set_property' expects at least one object. [C:/Users/Kheph/Documents/Projects/School/ECE449CPU/ECE449_LAB_CPU/BASYS3_Master.xdc:64]
Resolution: If [get_<value>] was used to populate the object, check to make sure this command returns at least one valid object.
WARNING: [Vivado 12-584] No ports matched 'Mode'. [C:/Users/Kheph/Documents/Projects/School/ECE449CPU/ECE449_LAB_CPU/BASYS3_Master.xdc:111]
CRITICAL WARNING: [Common 17-55] 'set_property' expects at least one object. [C:/Users/Kheph/Documents/Projects/School/ECE449CPU/ECE449_LAB_CPU/BASYS3_Master.xdc:111]
Resolution: If [get_<value>] was used to populate the object, check to make sure this command returns at least one valid object.
WARNING: [Vivado 12-584] No ports matched 'Mode'. [C:/Users/Kheph/Documents/Projects/School/ECE449CPU/ECE449_LAB_CPU/BASYS3_Master.xdc:112]
CRITICAL WARNING: [Common 17-55] 'set_property' expects at least one object. [C:/Users/Kheph/Documents/Projects/School/ECE449CPU/ECE449_LAB_CPU/BASYS3_Master.xdc:112]
Resolution: If [get_<value>] was used to populate the object, check to make sure this command returns at least one valid object.
Finished Parsing XDC File [C:/Users/Kheph/Documents/Projects/School/ECE449CPU/ECE449_LAB_CPU/BASYS3_Master.xdc]
INFO: [Project 1-1714] 1 XPM XDC files have been applied to the design.
INFO: [Opt 31-138] Pushed 0 inverter(s) to 0 load pin(s).
Netlist sorting complete. Time (s): cpu = 00:00:00 ; elapsed = 00:00:00.001 . Memory (MB): peak = 1429.590 ; gain = 0.000
INFO: [Project 1-111] Unisim Transformation Summary:
  A total of 64 instances were transformed.
  RAM128X1D => RAM128X1D (MUXF7(x2), RAMD64E(x4)): 64 instances

10 Infos, 52 Warnings, 52 Critical Warnings and 0 Errors encountered.
link_design completed successfully
link_design: Time (s): cpu = 00:00:12 ; elapsed = 00:00:15 . Memory (MB): peak = 1429.590 ; gain = 825.773
Command: opt_design
Attempting to get a license for feature 'Implementation' and/or device 'xc7a35t'
INFO: [Common 17-349] Got license for feature 'Implementation' and/or device 'xc7a35t'
Running DRC as a precondition to command opt_design

Starting DRC Task
INFO: [DRC 23-27] Running DRC with 2 threads
INFO: [Project 1-461] DRC finished with 0 Errors
INFO: [Project 1-462] Please refer to the DRC report (report_drc) for more information.

Time (s): cpu = 00:00:02 ; elapsed = 00:00:01 . Memory (MB): peak = 1436.594 ; gain = 7.004

Starting Cache Timing Information Task
INFO: [Timing 38-35] Done setting XDC timing constraints.
Ending Cache Timing Information Task | Checksum: 10ae53db0

Time (s): cpu = 00:00:00 ; elapsed = 00:00:00.064 . Memory (MB): peak = 1440.402 ; gain = 3.809

Starting Logic Optimization Task

Phase 1 Initialization

Phase 1.1 Core Generation And Design Setup
Phase 1.1 Core Generation And Design Setup | Checksum: 10ae53db0

Time (s): cpu = 00:00:00 ; elapsed = 00:00:00.002 . Memory (MB): peak = 1858.805 ; gain = 0.000

Phase 1.2 Setup Constraints And Sort Netlist
Phase 1.2 Setup Constraints And Sort Netlist | Checksum: 10ae53db0

Time (s): cpu = 00:00:00 ; elapsed = 00:00:00.006 . Memory (MB): peak = 1858.805 ; gain = 0.000
Phase 1 Initialization | Checksum: 10ae53db0

Time (s): cpu = 00:00:00 ; elapsed = 00:00:00.007 . Memory (MB): peak = 1858.805 ; gain = 0.000

Phase 2 Timer Update And Timing Data Collection

Phase 2.1 Timer Update
Phase 2.1 Timer Update | Checksum: 10ae53db0

Time (s): cpu = 00:00:00 ; elapsed = 00:00:00.037 . Memory (MB): peak = 1858.805 ; gain = 0.000

Phase 2.2 Timing Data Collection
Phase 2.2 Timing Data Collection | Checksum: 10ae53db0

Time (s): cpu = 00:00:00 ; elapsed = 00:00:00.056 . Memory (MB): peak = 1858.805 ; gain = 0.000
Phase 2 Timer Update And Timing Data Collection | Checksum: 10ae53db0

Time (s): cpu = 00:00:00 ; elapsed = 00:00:00.056 . Memory (MB): peak = 1858.805 ; gain = 0.000

Phase 3 Retarget
INFO: [Opt 31-1851] Number of loadless carry chains removed were: 0
INFO: [Opt 31-1834] Total Chains To Be Transformed Were: 0 AND Number of Transformed insts Created are: 0
INFO: [Opt 31-1566] Pulled 17 inverters resulting in an inversion of 298 pins
INFO: [Opt 31-138] Pushed 0 inverter(s) to 0 load pin(s).
INFO: [Opt 31-49] Retargeted 0 cell(s).
Phase 3 Retarget | Checksum: 23976e40e

Time (s): cpu = 00:00:00 ; elapsed = 00:00:00.100 . Memory (MB): peak = 1858.805 ; gain = 0.000
Retarget | Checksum: 23976e40e
INFO: [Opt 31-389] Phase Retarget created 8 cells and removed 27 cells

Phase 4 Constant propagation
INFO: [Opt 31-138] Pushed 0 inverter(s) to 0 load pin(s).
Phase 4 Constant propagation | Checksum: 1e54f4c9b

Time (s): cpu = 00:00:00 ; elapsed = 00:00:00.109 . Memory (MB): peak = 1858.805 ; gain = 0.000
Constant propagation | Checksum: 1e54f4c9b
INFO: [Opt 31-389] Phase Constant propagation created 0 cells and removed 0 cells

Phase 5 Sweep
INFO: [Constraints 18-11670] Building netlist checker database with flags, 0x8
Done building netlist checker database: Time (s): cpu = 00:00:00 ; elapsed = 00:00:00.001 . Memory (MB): peak = 1858.805 ; gain = 0.000
INFO: [Constraints 18-11670] Building netlist checker database with flags, 0x8
Done building netlist checker database: Time (s): cpu = 00:00:00 ; elapsed = 00:00:00.003 . Memory (MB): peak = 1858.805 ; gain = 0.000
Phase 5 Sweep | Checksum: 21e7ef770

Time (s): cpu = 00:00:00 ; elapsed = 00:00:00.182 . Memory (MB): peak = 1858.805 ; gain = 0.000
Sweep | Checksum: 21e7ef770
INFO: [Opt 31-389] Phase Sweep created 0 cells and removed 11 cells

Phase 6 BUFG optimization
Phase 6 BUFG optimization | Checksum: 21e7ef770

Time (s): cpu = 00:00:00 ; elapsed = 00:00:00.299 . Memory (MB): peak = 1858.805 ; gain = 0.000
BUFG optimization | Checksum: 21e7ef770
INFO: [Opt 31-662] Phase BUFG optimization created 0 cells of which 0 are BUFGs and removed 0 cells.

Phase 7 Shift Register Optimization
INFO: [Opt 31-1064] SRL Remap converted 0 SRLs to 0 registers and converted 0 registers of register chains to 0 SRLs
Phase 7 Shift Register Optimization | Checksum: 21e7ef770

Time (s): cpu = 00:00:00 ; elapsed = 00:00:00.305 . Memory (MB): peak = 1858.805 ; gain = 0.000
Shift Register Optimization | Checksum: 21e7ef770
INFO: [Opt 31-389] Phase Shift Register Optimization created 0 cells and removed 0 cells

Phase 8 Post Processing Netlist
Phase 8 Post Processing Netlist | Checksum: 21e7ef770

Time (s): cpu = 00:00:00 ; elapsed = 00:00:00.309 . Memory (MB): peak = 1858.805 ; gain = 0.000
Post Processing Netlist | Checksum: 21e7ef770
INFO: [Opt 31-389] Phase Post Processing Netlist created 0 cells and removed 0 cells

Phase 9 Finalization

Phase 9.1 Finalizing Design Cores and Updating Shapes
Phase 9.1 Finalizing Design Cores and Updating Shapes | Checksum: 260a5f4fb

Time (s): cpu = 00:00:00 ; elapsed = 00:00:00.324 . Memory (MB): peak = 1858.805 ; gain = 0.000

Phase 9.2 Verifying Netlist Connectivity

Starting Connectivity Check Task

Time (s): cpu = 00:00:00 ; elapsed = 00:00:00.012 . Memory (MB): peak = 1858.805 ; gain = 0.000
Phase 9.2 Verifying Netlist Connectivity | Checksum: 260a5f4fb

Time (s): cpu = 00:00:00 ; elapsed = 00:00:00.336 . Memory (MB): peak = 1858.805 ; gain = 0.000
Phase 9 Finalization | Checksum: 260a5f4fb

Time (s): cpu = 00:00:00 ; elapsed = 00:00:00.337 . Memory (MB): peak = 1858.805 ; gain = 0.000
Opt_design Change Summary
=========================


-------------------------------------------------------------------------------------------------------------------------
|  Phase                        |  #Cells created  |  #Cells Removed  |  #Constrained objects preventing optimizations  |
-------------------------------------------------------------------------------------------------------------------------
|  Retarget                     |               8  |              27  |                                              0  |
|  Constant propagation         |               0  |               0  |                                              0  |
|  Sweep                        |               0  |              11  |                                              0  |
|  BUFG optimization            |               0  |               0  |                                              0  |
|  Shift Register Optimization  |               0  |               0  |                                              0  |
|  Post Processing Netlist      |               0  |               0  |                                              0  |
-------------------------------------------------------------------------------------------------------------------------


Ending Logic Optimization Task | Checksum: 260a5f4fb

Time (s): cpu = 00:00:00 ; elapsed = 00:00:00.339 . Memory (MB): peak = 1858.805 ; gain = 0.000

Starting Power Optimization Task
INFO: [Pwropt 34-132] Skipping clock gating for clocks with a period < 2.00 ns.
Ending Power Optimization Task | Checksum: 260a5f4fb

Time (s): cpu = 00:00:00 ; elapsed = 00:00:00.028 . Memory (MB): peak = 1858.805 ; gain = 0.000

Starting Final Cleanup Task
Ending Final Cleanup Task | Checksum: 260a5f4fb

Time (s): cpu = 00:00:00 ; elapsed = 00:00:00 . Memory (MB): peak = 1858.805 ; gain = 0.000

Starting Netlist Obfuscation Task
Netlist sorting complete. Time (s): cpu = 00:00:00 ; elapsed = 00:00:00 . Memory (MB): peak = 1858.805 ; gain = 0.000
Ending Netlist Obfuscation Task | Checksum: 260a5f4fb

Time (s): cpu = 00:00:00 ; elapsed = 00:00:00.002 . Memory (MB): peak = 1858.805 ; gain = 0.000
INFO: [Common 17-83] Releasing license: Implementation
32 Infos, 52 Warnings, 52 Critical Warnings and 0 Errors encountered.
opt_design completed successfully
opt_design: Time (s): cpu = 00:00:06 ; elapsed = 00:00:06 . Memory (MB): peak = 1858.805 ; gain = 429.215
INFO: [Vivado 12-24828] Executing command : report_drc -file cpu_top_level_drc_opted.rpt -pb cpu_top_level_drc_opted.pb -rpx cpu_top_level_drc_opted.rpx
Command: report_drc -file cpu_top_level_drc_opted.rpt -pb cpu_top_level_drc_opted.pb -rpx cpu_top_level_drc_opted.rpx
INFO: [IP_Flow 19-1839] IP Catalog is up to date.
INFO: [DRC 23-27] Running DRC with 2 threads
INFO: [Vivado_Tcl 2-168] The results of DRC are in file C:/Users/Kheph/Documents/Projects/School/ECE449CPU/ECE449_LAB_CPU/ECE449CPU_2025.2/ECE449CPU_2025.2.runs/impl_1/cpu_top_level_drc_opted.rpt.
report_drc completed successfully
INFO: [Timing 38-480] Writing timing data to binary archive.
Write ShapeDB Complete: Time (s): cpu = 00:00:00 ; elapsed = 00:00:00.006 . Memory (MB): peak = 1860.004 ; gain = 0.000
INFO: [Common 17-1381] The checkpoint 'C:/Users/Kheph/Documents/Projects/School/ECE449CPU/ECE449_LAB_CPU/ECE449CPU_2025.2/ECE449CPU_2025.2.runs/impl_1/cpu_top_level_opt.dcp' has been generated.
Command: place_design
Attempting to get a license for feature 'Implementation' and/or device 'xc7a35t'
INFO: [Common 17-349] Got license for feature 'Implementation' and/or device 'xc7a35t'
INFO: [Common 17-83] Releasing license: Implementation
INFO: [DRC 23-27] Running DRC with 2 threads
INFO: [Vivado_Tcl 4-198] DRC finished with 0 Errors
INFO: [Vivado_Tcl 4-199] Please refer to the DRC report (report_drc) for more information.
Running DRC as a precondition to command place_design
INFO: [DRC 23-27] Running DRC with 2 threads
INFO: [Vivado_Tcl 4-198] DRC finished with 0 Errors
INFO: [Vivado_Tcl 4-199] Please refer to the DRC report (report_drc) for more information.
INFO: [Place 30-611] Multithreading enabled for place_design using a maximum of 2 CPUs

Starting Placer Task

Phase 1 Placer Initialization

Phase 1.1 Placer Initialization Netlist Sorting
Netlist sorting complete. Time (s): cpu = 00:00:00 ; elapsed = 00:00:00.001 . Memory (MB): peak = 1861.219 ; gain = 0.000
Phase 1.1 Placer Initialization Netlist Sorting | Checksum: 18cdddc5e

Time (s): cpu = 00:00:00 ; elapsed = 00:00:00.006 . Memory (MB): peak = 1861.219 ; gain = 0.000
Netlist sorting complete. Time (s): cpu = 00:00:00 ; elapsed = 00:00:00 . Memory (MB): peak = 1861.219 ; gain = 0.000

Phase 1.2 IO Placement/ Clock Placement/ Build Placer Device
INFO: [Timing 38-35] Done setting XDC timing constraints.
Phase 1.2 IO Placement/ Clock Placement/ Build Placer Device | Checksum: 24371a8e0

Time (s): cpu = 00:00:01 ; elapsed = 00:00:00.409 . Memory (MB): peak = 1865.062 ; gain = 3.844

Phase 1.3 Build Placer Netlist Model
Phase 1.3 Build Placer Netlist Model | Checksum: 31a905563

Time (s): cpu = 00:00:01 ; elapsed = 00:00:00.625 . Memory (MB): peak = 1870.133 ; gain = 8.914

Phase 1.4 Constrain Clocks/Macros
Phase 1.4 Constrain Clocks/Macros | Checksum: 31a905563

Time (s): cpu = 00:00:01 ; elapsed = 00:00:00.634 . Memory (MB): peak = 1870.133 ; gain = 8.914
Phase 1 Placer Initialization | Checksum: 31a905563

Time (s): cpu = 00:00:01 ; elapsed = 00:00:00.650 . Memory (MB): peak = 1870.133 ; gain = 8.914

Phase 2 Global Placement

Phase 2.1 Floorplanning
Phase 2.1 Floorplanning | Checksum: 31a905563

Time (s): cpu = 00:00:01 ; elapsed = 00:00:00.668 . Memory (MB): peak = 1870.133 ; gain = 8.914

Phase 2.2 Update Timing before SLR Path Opt
Phase 2.2 Update Timing before SLR Path Opt | Checksum: 31a905563

Time (s): cpu = 00:00:01 ; elapsed = 00:00:00.672 . Memory (MB): peak = 1870.133 ; gain = 8.914

Phase 2.3 Post-Processing in Floorplanning
Phase 2.3 Post-Processing in Floorplanning | Checksum: 31a905563

Time (s): cpu = 00:00:01 ; elapsed = 00:00:00.674 . Memory (MB): peak = 1870.133 ; gain = 8.914

Phase 2.4 Global Place Phase1
Phase 2.4 Global Place Phase1 | Checksum: 1ee55925e

Time (s): cpu = 00:00:02 ; elapsed = 00:00:01 . Memory (MB): peak = 1870.133 ; gain = 8.914

Phase 2.5 Global Place Phase2
WARNING: [Place 46-29] Timing had been disabled during Placer and, therefore, physical synthesis in Placer will be skipped.
Phase 2.5 Global Place Phase2 | Checksum: 200d2f09a

Time (s): cpu = 00:00:02 ; elapsed = 00:00:01 . Memory (MB): peak = 1870.133 ; gain = 8.914
Phase 2 Global Placement | Checksum: 200d2f09a

Time (s): cpu = 00:00:02 ; elapsed = 00:00:01 . Memory (MB): peak = 1870.133 ; gain = 8.914

Phase 3 Detail Placement

Phase 3.1 Commit Multi Column Macros
Phase 3.1 Commit Multi Column Macros | Checksum: 200d2f09a

Time (s): cpu = 00:00:02 ; elapsed = 00:00:01 . Memory (MB): peak = 1870.133 ; gain = 8.914

Phase 3.2 Commit Most Macros & LUTRAMs
Phase 3.2 Commit Most Macros & LUTRAMs | Checksum: 22f5ff347

Time (s): cpu = 00:00:02 ; elapsed = 00:00:02 . Memory (MB): peak = 1870.133 ; gain = 8.914

Phase 3.3 Area Swap Optimization
Phase 3.3 Area Swap Optimization | Checksum: 22fc84c81

Time (s): cpu = 00:00:02 ; elapsed = 00:00:02 . Memory (MB): peak = 1870.133 ; gain = 8.914

Phase 3.4 Pipeline Register Optimization
Phase 3.4 Pipeline Register Optimization | Checksum: 22fc84c81

Time (s): cpu = 00:00:02 ; elapsed = 00:00:02 . Memory (MB): peak = 1870.133 ; gain = 8.914

Phase 3.5 Small Shape Detail Placement
Phase 3.5 Small Shape Detail Placement | Checksum: 2a661c89b

Time (s): cpu = 00:00:03 ; elapsed = 00:00:02 . Memory (MB): peak = 1870.133 ; gain = 8.914

Phase 3.6 Re-assign LUT pins
Phase 3.6 Re-assign LUT pins | Checksum: 2a661c89b

Time (s): cpu = 00:00:03 ; elapsed = 00:00:02 . Memory (MB): peak = 1870.133 ; gain = 8.914

Phase 3.7 Pipeline Register Optimization
Phase 3.7 Pipeline Register Optimization | Checksum: 2a661c89b

Time (s): cpu = 00:00:03 ; elapsed = 00:00:02 . Memory (MB): peak = 1870.133 ; gain = 8.914
Phase 3 Detail Placement | Checksum: 2a661c89b

Time (s): cpu = 00:00:03 ; elapsed = 00:00:02 . Memory (MB): peak = 1870.133 ; gain = 8.914

Phase 4 Post Placement Optimization and Clean-Up

Phase 4.1 Post Commit Optimization
Phase 4.1 Post Commit Optimization | Checksum: 2a661c89b

Time (s): cpu = 00:00:03 ; elapsed = 00:00:02 . Memory (MB): peak = 1870.133 ; gain = 8.914

Phase 4.2 Post Placement Cleanup
Phase 4.2 Post Placement Cleanup | Checksum: 2a661c89b

Time (s): cpu = 00:00:03 ; elapsed = 00:00:02 . Memory (MB): peak = 1870.133 ; gain = 8.914

Phase 4.3 Placer Reporting

Phase 4.3.1 Print Estimated Congestion
INFO: [Place 30-612] Post-Placement Estimated Congestion 
 ____________________________________________________
|           | Global Congestion | Short Congestion  |
| Direction | Region Size       | Region Size       |
|___________|___________________|___________________|
|      North|                1x1|                2x2|
|___________|___________________|___________________|
|      South|                1x1|                1x1|
|___________|___________________|___________________|
|       East|                1x1|                1x1|
|___________|___________________|___________________|
|       West|                1x1|                1x1|
|___________|___________________|___________________|

Phase 4.3.1 Print Estimated Congestion | Checksum: 2a661c89b

Time (s): cpu = 00:00:03 ; elapsed = 00:00:02 . Memory (MB): peak = 1870.133 ; gain = 8.914
Phase 4.3 Placer Reporting | Checksum: 2a661c89b

Time (s): cpu = 00:00:03 ; elapsed = 00:00:02 . Memory (MB): peak = 1870.133 ; gain = 8.914

Phase 4.4 Final Placement Cleanup
Netlist sorting complete. Time (s): cpu = 00:00:00 ; elapsed = 00:00:00.001 . Memory (MB): peak = 1870.133 ; gain = 0.000

Time (s): cpu = 00:00:03 ; elapsed = 00:00:02 . Memory (MB): peak = 1870.133 ; gain = 8.914
Phase 4 Post Placement Optimization and Clean-Up | Checksum: 224a0efc3

Time (s): cpu = 00:00:03 ; elapsed = 00:00:02 . Memory (MB): peak = 1870.133 ; gain = 8.914
Ending Placer Task | Checksum: 12ca2a5fa

Time (s): cpu = 00:00:03 ; elapsed = 00:00:02 . Memory (MB): peak = 1870.133 ; gain = 8.914
49 Infos, 53 Warnings, 52 Critical Warnings and 0 Errors encountered.
place_design completed successfully
INFO: [Vivado 12-24838] Running report commands "report_control_sets, report_io, report_utilization" in parallel.
Running report generation with 2 threads.
INFO: [Vivado 12-24828] Executing command : report_utilization -file cpu_top_level_utilization_placed.rpt -pb cpu_top_level_utilization_placed.pb
INFO: [Vivado 12-24828] Executing command : report_control_sets -verbose -file cpu_top_level_control_sets_placed.rpt
report_control_sets: Time (s): cpu = 00:00:00 ; elapsed = 00:00:00.010 . Memory (MB): peak = 1870.133 ; gain = 0.000
INFO: [Vivado 12-24828] Executing command : report_io -file cpu_top_level_io_placed.rpt
report_io: Time (s): cpu = 00:00:00 ; elapsed = 00:00:00.093 . Memory (MB): peak = 1870.133 ; gain = 0.000
INFO: [Timing 38-480] Writing timing data to binary archive.
Write ShapeDB Complete: Time (s): cpu = 00:00:00 ; elapsed = 00:00:00.008 . Memory (MB): peak = 1876.383 ; gain = 0.012
Wrote PlaceDB: Time (s): cpu = 00:00:01 ; elapsed = 00:00:00.243 . Memory (MB): peak = 1876.383 ; gain = 0.000
Wrote PulsedLatchDB: Time (s): cpu = 00:00:00 ; elapsed = 00:00:00 . Memory (MB): peak = 1876.383 ; gain = 0.000
Writing XDEF routing.
Writing XDEF routing logical nets.
Writing XDEF routing special nets.
Wrote RouteStorage: Time (s): cpu = 00:00:00 ; elapsed = 00:00:00.034 . Memory (MB): peak = 1876.383 ; gain = 0.000
Wrote Netlist Cache: Time (s): cpu = 00:00:00 ; elapsed = 00:00:00.004 . Memory (MB): peak = 1876.383 ; gain = 0.000
Wrote Device Cache: Time (s): cpu = 00:00:00 ; elapsed = 00:00:00.012 . Memory (MB): peak = 1876.383 ; gain = 0.000
Write Physdb Complete: Time (s): cpu = 00:00:01 ; elapsed = 00:00:00.305 . Memory (MB): peak = 1876.383 ; gain = 0.000
INFO: [Common 17-1381] The checkpoint 'C:/Users/Kheph/Documents/Projects/School/ECE449CPU/ECE449_LAB_CPU/ECE449CPU_2025.2/ECE449CPU_2025.2.runs/impl_1/cpu_top_level_placed.dcp' has been generated.
Command: phys_opt_design
Attempting to get a license for feature 'Implementation' and/or device 'xc7a35t'
INFO: [Common 17-349] Got license for feature 'Implementation' and/or device 'xc7a35t'

Starting Initial Update Timing Task

Time (s): cpu = 00:00:00 ; elapsed = 00:00:00.193 . Memory (MB): peak = 1876.383 ; gain = 0.000
INFO: [Vivado_Tcl 4-235] No timing constraint found. The netlist was not modified.
INFO: [Common 17-83] Releasing license: Implementation
58 Infos, 53 Warnings, 52 Critical Warnings and 0 Errors encountered.
phys_opt_design completed successfully
INFO: [Timing 38-480] Writing timing data to binary archive.
Write ShapeDB Complete: Time (s): cpu = 00:00:00 ; elapsed = 00:00:00.007 . Memory (MB): peak = 1886.500 ; gain = 0.016
Wrote PlaceDB: Time (s): cpu = 00:00:01 ; elapsed = 00:00:00.131 . Memory (MB): peak = 1886.500 ; gain = 0.000
Wrote PulsedLatchDB: Time (s): cpu = 00:00:00 ; elapsed = 00:00:00 . Memory (MB): peak = 1886.500 ; gain = 0.000
Writing XDEF routing.
Writing XDEF routing logical nets.
Writing XDEF routing special nets.
Wrote RouteStorage: Time (s): cpu = 00:00:00 ; elapsed = 00:00:00.023 . Memory (MB): peak = 1886.500 ; gain = 0.000
Wrote Netlist Cache: Time (s): cpu = 00:00:00 ; elapsed = 00:00:00.002 . Memory (MB): peak = 1886.500 ; gain = 0.000
Wrote Device Cache: Time (s): cpu = 00:00:00 ; elapsed = 00:00:00.008 . Memory (MB): peak = 1886.500 ; gain = 0.000
Write Physdb Complete: Time (s): cpu = 00:00:01 ; elapsed = 00:00:00.174 . Memory (MB): peak = 1886.500 ; gain = 0.000
INFO: [Common 17-1381] The checkpoint 'C:/Users/Kheph/Documents/Projects/School/ECE449CPU/ECE449_LAB_CPU/ECE449CPU_2025.2/ECE449CPU_2025.2.runs/impl_1/cpu_top_level_physopt.dcp' has been generated.
Command: route_design
Attempting to get a license for feature 'Implementation' and/or device 'xc7a35t'
INFO: [Common 17-349] Got license for feature 'Implementation' and/or device 'xc7a35t'


Starting Routing Task
INFO: [Route 35-254] Multithreading enabled for route_design using a maximum of 2 CPUs

Phase 1 Build RT Design
Checksum: PlaceDB: 414bd17a ConstDB: 0 ShapeSum: 4ad57829 RouteDB: a0815c57
Post Restoration Checksum: NetGraph: f0d1a1f6 | NumContArr: f914c8ca | Constraints: c2a8fa9d | Timing: c2a8fa9d
Phase 1 Build RT Design | Checksum: 36f385ffa

Time (s): cpu = 00:00:27 ; elapsed = 00:00:26 . Memory (MB): peak = 1961.633 ; gain = 75.078

Phase 2 Router Initialization
INFO: [Route 35-64] No timing constraints were detected. The router will operate in resource-optimization mode.

Phase 2.1 Fix Topology Constraints
Phase 2.1 Fix Topology Constraints | Checksum: 36f385ffa

Time (s): cpu = 00:00:27 ; elapsed = 00:00:26 . Memory (MB): peak = 1967.668 ; gain = 81.113

Phase 2.2 Pre Route Cleanup
Phase 2.2 Pre Route Cleanup | Checksum: 36f385ffa

Time (s): cpu = 00:00:27 ; elapsed = 00:00:26 . Memory (MB): peak = 1967.668 ; gain = 81.113
 Number of Nodes with overlaps = 0

Router Utilization Summary
  Global Vertical Routing Utilization    = 0 %
  Global Horizontal Routing Utilization  = 0 %
  Routable Net Status*
  *Does not include unroutable nets such as driverless and loadless.
  Run report_route_status for detailed report.
  Number of Failed Nets               = 959
    (Failed Nets is the sum of unrouted and partially routed nets)
  Number of Unrouted Nets             = 959
  Number of Partially Routed Nets     = 0
  Number of Node Overlaps             = 0

Phase 2 Router Initialization | Checksum: 29bacfb9d

Time (s): cpu = 00:00:27 ; elapsed = 00:00:27 . Memory (MB): peak = 1985.605 ; gain = 99.051

Phase 3 Global Routing
Phase 3 Global Routing | Checksum: 29bacfb9d

Time (s): cpu = 00:00:27 ; elapsed = 00:00:27 . Memory (MB): peak = 1985.605 ; gain = 99.051

Phase 4 Initial Routing

Phase 4.1 Initial Net Routing Pass
Phase 4.1 Initial Net Routing Pass | Checksum: 2f0ec453a

Time (s): cpu = 00:00:27 ; elapsed = 00:00:27 . Memory (MB): peak = 1985.605 ; gain = 99.051
Phase 4 Initial Routing | Checksum: 2f0ec453a

Time (s): cpu = 00:00:27 ; elapsed = 00:00:27 . Memory (MB): peak = 1985.605 ; gain = 99.051

Phase 5 Rip-up And Reroute

Phase 5.1 Global Iteration 0
 Number of Nodes with overlaps = 59
 Number of Nodes with overlaps = 0
Phase 5.1 Global Iteration 0 | Checksum: 1f32785c2

Time (s): cpu = 00:00:28 ; elapsed = 00:00:27 . Memory (MB): peak = 1985.605 ; gain = 99.051
Phase 5 Rip-up And Reroute | Checksum: 1f32785c2

Time (s): cpu = 00:00:28 ; elapsed = 00:00:27 . Memory (MB): peak = 1985.605 ; gain = 99.051

Phase 6 Delay and Skew Optimization
Phase 6 Delay and Skew Optimization | Checksum: 1f32785c2

Time (s): cpu = 00:00:28 ; elapsed = 00:00:27 . Memory (MB): peak = 1985.605 ; gain = 99.051

Phase 7 Post Hold Fix

Phase 7.1 Hold Fix Iter
Phase 7.1 Hold Fix Iter | Checksum: 1f32785c2

Time (s): cpu = 00:00:28 ; elapsed = 00:00:27 . Memory (MB): peak = 1985.605 ; gain = 99.051
Phase 7 Post Hold Fix | Checksum: 1f32785c2

Time (s): cpu = 00:00:28 ; elapsed = 00:00:27 . Memory (MB): peak = 1985.605 ; gain = 99.051

Phase 8 Route finalize

Router Utilization Summary
  Global Vertical Routing Utilization    = 0.367217 %
  Global Horizontal Routing Utilization  = 0.428032 %
  Routable Net Status*
  *Does not include unroutable nets such as driverless and loadless.
  Run report_route_status for detailed report.
  Number of Failed Nets               = 0
    (Failed Nets is the sum of unrouted and partially routed nets)
  Number of Unrouted Nets             = 0
  Number of Partially Routed Nets     = 0
  Number of Node Overlaps             = 0


--GLOBAL Congestion:
Utilization threshold used for congestion level computation: 0.85
Congestion Report
North Dir 1x1 Area, Max Cong = 32.4324%, No Congested Regions.
South Dir 1x1 Area, Max Cong = 28.8288%, No Congested Regions.
East Dir 1x1 Area, Max Cong = 33.8235%, No Congested Regions.
West Dir 1x1 Area, Max Cong = 36.7647%, No Congested Regions.

------------------------------
Reporting congestion hotspots
------------------------------
Direction: North
----------------
Congested clusters found at Level 0
Effective congestion level: 0 Aspect Ratio: 1 Sparse Ratio: 0
Direction: South
----------------
Congested clusters found at Level 0
Effective congestion level: 0 Aspect Ratio: 1 Sparse Ratio: 0
Direction: East
----------------
Congested clusters found at Level 0
Effective congestion level: 0 Aspect Ratio: 1 Sparse Ratio: 0
Direction: West
----------------
Congested clusters found at Level 0
Effective congestion level: 0 Aspect Ratio: 1 Sparse Ratio: 0

Phase 8 Route finalize | Checksum: 1f32785c2

Time (s): cpu = 00:00:28 ; elapsed = 00:00:27 . Memory (MB): peak = 1985.605 ; gain = 99.051

Phase 9 Verifying routed nets

 Verification completed successfully
Phase 9 Verifying routed nets | Checksum: 1f32785c2

Time (s): cpu = 00:00:28 ; elapsed = 00:00:27 . Memory (MB): peak = 1985.605 ; gain = 99.051

Phase 10 Depositing Routes
Phase 10 Depositing Routes | Checksum: 2e39c9199

Time (s): cpu = 00:00:28 ; elapsed = 00:00:27 . Memory (MB): peak = 1985.605 ; gain = 99.051

Phase 11 Post Process Routing
Phase 11 Post Process Routing | Checksum: 2e39c9199

Time (s): cpu = 00:00:28 ; elapsed = 00:00:27 . Memory (MB): peak = 1985.605 ; gain = 99.051
Total Elapsed time in route_design: 27.385 secs

Phase 12 Post-Route Event Processing
Phase 12 Post-Route Event Processing | Checksum: 1eb628df8

Time (s): cpu = 00:00:28 ; elapsed = 00:00:27 . Memory (MB): peak = 1985.605 ; gain = 99.051
INFO: [Route 35-16] Router Completed Successfully
Ending Routing Task | Checksum: 1eb628df8

Time (s): cpu = 00:00:28 ; elapsed = 00:00:27 . Memory (MB): peak = 1985.605 ; gain = 99.051

Routing Is Done.
INFO: [Common 17-83] Releasing license: Implementation
65 Infos, 53 Warnings, 52 Critical Warnings and 0 Errors encountered.
route_design completed successfully
route_design: Time (s): cpu = 00:00:28 ; elapsed = 00:00:28 . Memory (MB): peak = 1985.605 ; gain = 99.105
INFO: [Vivado 12-24828] Executing command : report_drc -file cpu_top_level_drc_routed.rpt -pb cpu_top_level_drc_routed.pb -rpx cpu_top_level_drc_routed.rpx
Command: report_drc -file cpu_top_level_drc_routed.rpt -pb cpu_top_level_drc_routed.pb -rpx cpu_top_level_drc_routed.rpx
INFO: [IP_Flow 19-1839] IP Catalog is up to date.
INFO: [DRC 23-27] Running DRC with 2 threads
INFO: [Vivado_Tcl 2-168] The results of DRC are in file C:/Users/Kheph/Documents/Projects/School/ECE449CPU/ECE449_LAB_CPU/ECE449CPU_2025.2/ECE449CPU_2025.2.runs/impl_1/cpu_top_level_drc_routed.rpt.
report_drc completed successfully
INFO: [Vivado 12-24828] Executing command : report_methodology -file cpu_top_level_methodology_drc_routed.rpt -pb cpu_top_level_methodology_drc_routed.pb -rpx cpu_top_level_methodology_drc_routed.rpx
Command: report_methodology -file cpu_top_level_methodology_drc_routed.rpt -pb cpu_top_level_methodology_drc_routed.pb -rpx cpu_top_level_methodology_drc_routed.rpx
INFO: [Timing 38-35] Done setting XDC timing constraints.
INFO: [DRC 23-133] Running Methodology with 2 threads
INFO: [Vivado_Tcl 2-1520] The results of Report Methodology are in file C:/Users/Kheph/Documents/Projects/School/ECE449CPU/ECE449_LAB_CPU/ECE449CPU_2025.2/ECE449CPU_2025.2.runs/impl_1/cpu_top_level_methodology_drc_routed.rpt.
report_methodology completed successfully
INFO: [Vivado 12-24828] Executing command : report_timing_summary -max_paths 10 -routable_nets -report_unconstrained -file cpu_top_level_timing_summary_routed.rpt -pb cpu_top_level_timing_summary_routed.pb -rpx cpu_top_level_timing_summary_routed.rpx -warn_on_violation 
INFO: [Timing 38-35] Done setting XDC timing constraints.
INFO: [Timing 38-91] UpdateTimingParams: Speed grade: -1, Delay Type: min_max.
INFO: [Timing 38-191] Multithreading enabled for timing update using a maximum of 2 CPUs
WARNING: [Timing 38-313] There are no user specified timing constraints. Timing constraints are needed for proper timing analysis.
INFO: [Vivado 12-24838] Running report commands "report_incremental_reuse, report_route_status" in parallel.
Running report generation with 2 threads.
INFO: [Vivado 12-24828] Executing command : report_incremental_reuse -file cpu_top_level_incremental_reuse_routed.rpt
INFO: [Vivado_Tcl 4-1062] Incremental flow is disabled. No incremental reuse Info to report.
INFO: [Vivado 12-24828] Executing command : report_route_status -file cpu_top_level_route_status.rpt -pb cpu_top_level_route_status.pb
INFO: [Vivado 12-24828] Executing command : report_power -file cpu_top_level_power_routed.rpt -pb cpu_top_level_power_summary_routed.pb -rpx cpu_top_level_power_routed.rpx
Command: report_power -file cpu_top_level_power_routed.rpt -pb cpu_top_level_power_summary_routed.pb -rpx cpu_top_level_power_routed.rpx
WARNING: [Power 33-232] No user defined clocks were found in the design! Power estimation will be inaccurate until this is corrected.
Resolution: Please specify clocks using create_clock/create_generated_clock for sequential elements. For pure combinatorial circuits, please specify a virtual clock, otherwise the vectorless estimation might be inaccurate
Running Vector-less Activity Propagation...

Finished Running Vector-less Activity Propagation
WARNING: [Power 33-332] Found switching activity that implies high-fanout reset nets being asserted for excessive periods of time which may result in inaccurate power analysis.
Resolution: To review and fix problems, please run Power Constraints Advisor in the GUI from Tools > Power Constraints Advisor or run report_power with the -advisory option to generate a text report.
82 Infos, 56 Warnings, 52 Critical Warnings and 0 Errors encountered.
report_power completed successfully
INFO: [Vivado 12-24828] Executing command : report_clock_utilization -file cpu_top_level_clock_utilization_routed.rpt
INFO: [Vivado 12-24828] Executing command : report_bus_skew -warn_on_violation -file cpu_top_level_bus_skew_routed.rpt -pb cpu_top_level_bus_skew_routed.pb -rpx cpu_top_level_bus_skew_routed.rpx
INFO: [Timing 38-91] UpdateTimingParams: Speed grade: -1, Delay Type: min_max.
INFO: [Timing 38-191] Multithreading enabled for timing update using a maximum of 2 CPUs
generate_parallel_reports: Time (s): cpu = 00:00:17 ; elapsed = 00:00:10 . Memory (MB): peak = 2060.250 ; gain = 74.645
INFO: [Timing 38-480] Writing timing data to binary archive.
Write ShapeDB Complete: Time (s): cpu = 00:00:00 ; elapsed = 00:00:00.012 . Memory (MB): peak = 2060.250 ; gain = 0.000
Wrote PlaceDB: Time (s): cpu = 00:00:00 ; elapsed = 00:00:00.147 . Memory (MB): peak = 2060.250 ; gain = 0.000
Wrote PulsedLatchDB: Time (s): cpu = 00:00:00 ; elapsed = 00:00:00 . Memory (MB): peak = 2060.250 ; gain = 0.000
Writing XDEF routing.
Writing XDEF routing logical nets.
Writing XDEF routing special nets.
Wrote RouteStorage: Time (s): cpu = 00:00:00 ; elapsed = 00:00:00.040 . Memory (MB): peak = 2060.250 ; gain = 0.000
Wrote Netlist Cache: Time (s): cpu = 00:00:00 ; elapsed = 00:00:00.004 . Memory (MB): peak = 2060.250 ; gain = 0.000
Wrote Device Cache: Time (s): cpu = 00:00:00 ; elapsed = 00:00:00.011 . Memory (MB): peak = 2060.250 ; gain = 0.000
Write Physdb Complete: Time (s): cpu = 00:00:01 ; elapsed = 00:00:00.212 . Memory (MB): peak = 2060.250 ; gain = 0.000
INFO: [Common 17-1381] The checkpoint 'C:/Users/Kheph/Documents/Projects/School/ECE449CPU/ECE449_LAB_CPU/ECE449CPU_2025.2/ECE449CPU_2025.2.runs/impl_1/cpu_top_level_routed.dcp' has been generated.
INFO: [Common 17-206] Exiting Vivado at Wed Apr  8 17:08:42 2026...
