
*** Running vivado
    with args -log cpu_top_level.vds -m64 -product Vivado -mode batch -messageDb vivado.pb -notrace -source cpu_top_level.tcl



****** Vivado v2025.1 (64-bit)
  **** SW Build 6140274 on Thu May 22 00:12:29 MDT 2025
  **** IP Build 6138677 on Thu May 22 03:10:11 MDT 2025
  **** SharedData Build 6139179 on Tue May 20 17:58:58 MDT 2025
  **** Start of session at: Wed Apr  8 17:05:34 2026
    ** Copyright 1986-2022 Xilinx, Inc. All Rights Reserved.
    ** Copyright 2022-2025 Advanced Micro Devices, Inc. All Rights Reserved.

source cpu_top_level.tcl -notrace
create_project: Time (s): cpu = 00:00:14 ; elapsed = 00:00:10 . Memory (MB): peak = 590.023 ; gain = 212.012
Command: synth_design -top cpu_top_level -part xc7a35tcpg236-1
Starting synth_design
Attempting to get a license for feature 'Synthesis' and/or device 'xc7a35t'
INFO: [Common 17-349] Got license for feature 'Synthesis' and/or device 'xc7a35t'
INFO: [Device 21-403] Loading part xc7a35tcpg236-1
INFO: [Synth 8-7079] Multithreading enabled for synth_design using a maximum of 2 processes.
INFO: [Synth 8-7078] Launching helper process for spawning children vivado processes
INFO: [Synth 8-7075] Helper process launched with PID 33504
---------------------------------------------------------------------------------
Starting RTL Elaboration : Time (s): cpu = 00:00:07 ; elapsed = 00:00:08 . Memory (MB): peak = 1281.359 ; gain = 491.938
---------------------------------------------------------------------------------
INFO: [Synth 8-638] synthesizing module 'cpu_top_level' [C:/Users/Kheph/Documents/Projects/School/ECE449CPU/ECE449_LAB_CPU/TopLevel/cpu_top_level.vhd:16]
INFO: [Synth 8-638] synthesizing module 'datapath' [C:/Users/Kheph/Documents/Projects/School/ECE449CPU/ECE449_LAB_CPU/Data Path/datapath.vhd:44]
INFO: [Synth 8-638] synthesizing module 'program_counter' [C:/Users/Kheph/Documents/Projects/School/ECE449CPU/ECE449_LAB_CPU/ProgramCounter/programCounter.vhd:40]
INFO: [Synth 8-256] done synthesizing module 'program_counter' (0#1) [C:/Users/Kheph/Documents/Projects/School/ECE449CPU/ECE449_LAB_CPU/ProgramCounter/programCounter.vhd:40]
INFO: [Synth 8-638] synthesizing module 'CPU_ROM_wrapper' [C:/Users/Kheph/Documents/Projects/School/ECE449CPU/ECE449_LAB_CPU/ROM/CPU_ROM_wrapper.vhd:104]
INFO: [Synth 8-3491] module 'CPU_ROM' declared at 'C:/Users/Kheph/Documents/Projects/School/ECE449CPU/ECE449_LAB_CPU/ECE449CPU_2025.2/ECE449CPU_2025.2.runs/synth_1/.Xil/Vivado-23200-reckons-laptop/realtime/CPU_ROM_stub.v:6' bound to instance 'blk_mem_gen_0' of component 'CPU_ROM' [C:/Users/Kheph/Documents/Projects/School/ECE449CPU/ECE449_LAB_CPU/ROM/CPU_ROM_wrapper.vhd:147]
INFO: [Synth 8-6157] synthesizing module 'CPU_ROM' [C:/Users/Kheph/Documents/Projects/School/ECE449CPU/ECE449_LAB_CPU/ECE449CPU_2025.2/ECE449CPU_2025.2.runs/synth_1/.Xil/Vivado-23200-reckons-laptop/realtime/CPU_ROM_stub.v:6]
INFO: [Synth 8-6155] done synthesizing module 'CPU_ROM' (0#1) [C:/Users/Kheph/Documents/Projects/School/ECE449CPU/ECE449_LAB_CPU/ECE449CPU_2025.2/ECE449CPU_2025.2.runs/synth_1/.Xil/Vivado-23200-reckons-laptop/realtime/CPU_ROM_stub.v:6]
INFO: [Synth 8-256] done synthesizing module 'CPU_ROM_wrapper' (0#1) [C:/Users/Kheph/Documents/Projects/School/ECE449CPU/ECE449_LAB_CPU/ROM/CPU_ROM_wrapper.vhd:104]
INFO: [Synth 8-638] synthesizing module 'RAM' [C:/Users/Kheph/Documents/Projects/School/ECE449CPU/ECE449_LAB_CPU/RAM/RAM_macro.vhd:30]
	Parameter MEMORY_SIZE bound to: 8192 - type: integer 
	Parameter CLOCKING_MODE bound to: common_clock - type: string 
	Parameter MEMORY_INIT_FILE bound to: FORMAT_L_LOADHAZARD.mem - type: string 
	Parameter MEMORY_INIT_PARAM bound to: 0 - type: string 
	Parameter USE_MEM_INIT bound to: 1 - type: integer 
	Parameter MESSAGE_CONTROL bound to: 0 - type: integer 
	Parameter USE_EMBEDDED_CONSTRAINT bound to: 0 - type: integer 
	Parameter MEMORY_OPTIMIZATION bound to: false - type: string 
	Parameter SIM_ASSERT_CHK bound to: 0 - type: integer 
	Parameter WRITE_DATA_WIDTH_A bound to: 16 - type: integer 
	Parameter READ_DATA_WIDTH_A bound to: 16 - type: integer 
	Parameter BYTE_WRITE_WIDTH_A bound to: 8 - type: integer 
	Parameter ADDR_WIDTH_A bound to: 10 - type: integer 
	Parameter READ_RESET_VALUE_A bound to: 0 - type: string 
	Parameter READ_LATENCY_A bound to: 0 - type: integer 
	Parameter RST_MODE_A bound to: SYNC - type: string 
	Parameter READ_DATA_WIDTH_B bound to: 16 - type: integer 
	Parameter ADDR_WIDTH_B bound to: 10 - type: integer 
	Parameter READ_RESET_VALUE_B bound to: 0 - type: string 
	Parameter READ_LATENCY_B bound to: 1 - type: integer 
	Parameter RST_MODE_B bound to: SYNC - type: string 
INFO: [Synth 8-3491] module 'xpm_memory_dpdistram' declared at 'C:/Xilinx/2025.1/Vivado/data/ip/xpm/xpm_memory/hdl/xpm_memory.sv:8677' bound to instance 'xpm_memory_dpdistram_inst' of component 'xpm_memory_dpdistram' [C:/Users/Kheph/Documents/Projects/School/ECE449CPU/ECE449_LAB_CPU/RAM/RAM_macro.vhd:57]
INFO: [Synth 8-6157] synthesizing module 'xpm_memory_dpdistram' [C:/Xilinx/2025.1/Vivado/data/ip/xpm/xpm_memory/hdl/xpm_memory.sv:8677]
	Parameter MEMORY_SIZE bound to: 8192 - type: integer 
	Parameter CLOCKING_MODE bound to: common_clock - type: string 
	Parameter MEMORY_INIT_FILE bound to: FORMAT_L_LOADHAZARD.mem - type: string 
	Parameter MEMORY_INIT_PARAM bound to: 0 - type: string 
	Parameter USE_MEM_INIT bound to: 1 - type: integer 
	Parameter MESSAGE_CONTROL bound to: 0 - type: integer 
	Parameter USE_EMBEDDED_CONSTRAINT bound to: 0 - type: integer 
	Parameter MEMORY_OPTIMIZATION bound to: false - type: string 
	Parameter SIM_ASSERT_CHK bound to: 0 - type: integer 
	Parameter WRITE_DATA_WIDTH_A bound to: 16 - type: integer 
	Parameter READ_DATA_WIDTH_A bound to: 16 - type: integer 
	Parameter BYTE_WRITE_WIDTH_A bound to: 8 - type: integer 
	Parameter ADDR_WIDTH_A bound to: 10 - type: integer 
	Parameter READ_RESET_VALUE_A bound to: 0 - type: string 
	Parameter READ_LATENCY_A bound to: 0 - type: integer 
	Parameter RST_MODE_A bound to: SYNC - type: string 
	Parameter READ_DATA_WIDTH_B bound to: 16 - type: integer 
	Parameter ADDR_WIDTH_B bound to: 10 - type: integer 
	Parameter READ_RESET_VALUE_B bound to: 0 - type: string 
	Parameter READ_LATENCY_B bound to: 1 - type: integer 
	Parameter RST_MODE_B bound to: SYNC - type: string 
INFO: [Synth 8-6157] synthesizing module 'xpm_memory_base' [C:/Xilinx/2025.1/Vivado/data/ip/xpm/xpm_memory/hdl/xpm_memory.sv:54]
WARNING: [Synth 8-6060] Synth Warning: [XPM_MEMORY 30-15] MEMORY_TYPE (2) and MEMORY_PRIMITIVE (1) together specify a true dual port distributed RAM, which will be mapped to a dual port RAM structure using port A and B read interfaces but a single port A write interface, leaving the port B write interface unused.   [C:/Xilinx/2025.1/Vivado/data/ip/xpm/xpm_memory/hdl/xpm_memory.sv:561]
WARNING: [Synth 8-6060] Synth Warning: [XPM_MEMORY 30-16] MEMORY_SIZE (8192), WRITE_DATA_WIDTH_A (16), and ADDR_WIDTH_A (10) together imply that the addressable range exceeds the memory size for this configuration which uses port A write operations.   [C:/Xilinx/2025.1/Vivado/data/ip/xpm/xpm_memory/hdl/xpm_memory.sv:563]
WARNING: [Synth 8-6060] Synth Warning: [XPM_MEMORY 30-17] MEMORY_SIZE (8192), READ_DATA_WIDTH_A (16), and ADDR_WIDTH_A (10) together imply that the addressable range exceeds the memory size for this configuration which uses port A read operations.   [C:/Xilinx/2025.1/Vivado/data/ip/xpm/xpm_memory/hdl/xpm_memory.sv:565]
WARNING: [Synth 8-6060] Synth Warning: [XPM_MEMORY 30-19] MEMORY_SIZE (8192), READ_DATA_WIDTH_B (16), and ADDR_WIDTH_B (10) together imply that the addressable range exceeds the memory size for this configuration which uses port B read operations.   [C:/Xilinx/2025.1/Vivado/data/ip/xpm/xpm_memory/hdl/xpm_memory.sv:569]
INFO: [Synth 8-3876] $readmem data file 'FORMAT_L_LOADHAZARD.mem' is read successfully [C:/Xilinx/2025.1/Vivado/data/ip/xpm/xpm_memory/hdl/xpm_memory.sv:1209]
INFO: [Synth 8-6155] done synthesizing module 'xpm_memory_base' (0#1) [C:/Xilinx/2025.1/Vivado/data/ip/xpm/xpm_memory/hdl/xpm_memory.sv:54]
INFO: [Synth 8-6155] done synthesizing module 'xpm_memory_dpdistram' (0#1) [C:/Xilinx/2025.1/Vivado/data/ip/xpm/xpm_memory/hdl/xpm_memory.sv:8677]
INFO: [Synth 8-256] done synthesizing module 'RAM' (0#1) [C:/Users/Kheph/Documents/Projects/School/ECE449CPU/ECE449_LAB_CPU/RAM/RAM_macro.vhd:30]
INFO: [Synth 8-638] synthesizing module 'pipeline_reg' [C:/Users/Kheph/Documents/Projects/School/ECE449CPU/ECE449_LAB_CPU/PipelineRegister/pipeline_reg_generic.vhd:20]
	Parameter width bound to: 43 - type: integer 
WARNING: [Synth 8-614] signal 'en' is read in the process but is not in the sensitivity list [C:/Users/Kheph/Documents/Projects/School/ECE449CPU/ECE449_LAB_CPU/PipelineRegister/pipeline_reg_generic.vhd:22]
INFO: [Synth 8-256] done synthesizing module 'pipeline_reg' (0#1) [C:/Users/Kheph/Documents/Projects/School/ECE449CPU/ECE449_LAB_CPU/PipelineRegister/pipeline_reg_generic.vhd:20]
INFO: [Synth 8-638] synthesizing module 'hazard_detection' [C:/Users/Kheph/Documents/Projects/School/ECE449CPU/ECE449_LAB_CPU/HazardDetection/hazard_detection.vhd:29]
INFO: [Synth 8-256] done synthesizing module 'hazard_detection' (0#1) [C:/Users/Kheph/Documents/Projects/School/ECE449CPU/ECE449_LAB_CPU/HazardDetection/hazard_detection.vhd:29]
INFO: [Synth 8-638] synthesizing module 'register_file' [C:/Users/Kheph/Documents/Projects/School/ECE449CPU/ECE449_LAB_CPU/RegisterFile/registerfile.vhd:41]
INFO: [Synth 8-256] done synthesizing module 'register_file' (0#1) [C:/Users/Kheph/Documents/Projects/School/ECE449CPU/ECE449_LAB_CPU/RegisterFile/registerfile.vhd:41]
INFO: [Synth 8-638] synthesizing module 'pipeline_reg__parameterized0' [C:/Users/Kheph/Documents/Projects/School/ECE449CPU/ECE449_LAB_CPU/PipelineRegister/pipeline_reg_generic.vhd:20]
	Parameter width bound to: 110 - type: integer 
WARNING: [Synth 8-614] signal 'en' is read in the process but is not in the sensitivity list [C:/Users/Kheph/Documents/Projects/School/ECE449CPU/ECE449_LAB_CPU/PipelineRegister/pipeline_reg_generic.vhd:22]
INFO: [Synth 8-256] done synthesizing module 'pipeline_reg__parameterized0' (0#1) [C:/Users/Kheph/Documents/Projects/School/ECE449CPU/ECE449_LAB_CPU/PipelineRegister/pipeline_reg_generic.vhd:20]
INFO: [Synth 8-638] synthesizing module 'forwarding_unit' [C:/Users/Kheph/Documents/Projects/School/ECE449CPU/ECE449_LAB_CPU/ForwardingUnit/forwarding_unit.vhd:21]
INFO: [Synth 8-256] done synthesizing module 'forwarding_unit' (0#1) [C:/Users/Kheph/Documents/Projects/School/ECE449CPU/ECE449_LAB_CPU/ForwardingUnit/forwarding_unit.vhd:21]
INFO: [Synth 8-638] synthesizing module 'ALU' [C:/Users/Kheph/Documents/Projects/School/ECE449CPU/ECE449_LAB_CPU/ALU/ALU.vhd:40]
INFO: [Synth 8-256] done synthesizing module 'ALU' (0#1) [C:/Users/Kheph/Documents/Projects/School/ECE449CPU/ECE449_LAB_CPU/ALU/ALU.vhd:40]
INFO: [Synth 8-638] synthesizing module 'program_status_register' [C:/Users/Kheph/Documents/Projects/School/ECE449CPU/ECE449_LAB_CPU/program_status_register/program_status_register.vhd:24]
INFO: [Synth 8-256] done synthesizing module 'program_status_register' (0#1) [C:/Users/Kheph/Documents/Projects/School/ECE449CPU/ECE449_LAB_CPU/program_status_register/program_status_register.vhd:24]
INFO: [Synth 8-638] synthesizing module 'branch_controller' [C:/Users/Kheph/Documents/Projects/School/ECE449CPU/ECE449_LAB_CPU/Branch Controller/branch_controller.vhd:48]
INFO: [Synth 8-256] done synthesizing module 'branch_controller' (0#1) [C:/Users/Kheph/Documents/Projects/School/ECE449CPU/ECE449_LAB_CPU/Branch Controller/branch_controller.vhd:48]
INFO: [Synth 8-638] synthesizing module 'pipeline_reg__parameterized1' [C:/Users/Kheph/Documents/Projects/School/ECE449CPU/ECE449_LAB_CPU/PipelineRegister/pipeline_reg_generic.vhd:20]
	Parameter width bound to: 37 - type: integer 
WARNING: [Synth 8-614] signal 'en' is read in the process but is not in the sensitivity list [C:/Users/Kheph/Documents/Projects/School/ECE449CPU/ECE449_LAB_CPU/PipelineRegister/pipeline_reg_generic.vhd:22]
INFO: [Synth 8-256] done synthesizing module 'pipeline_reg__parameterized1' (0#1) [C:/Users/Kheph/Documents/Projects/School/ECE449CPU/ECE449_LAB_CPU/PipelineRegister/pipeline_reg_generic.vhd:20]
INFO: [Synth 8-638] synthesizing module 'pipeline_reg__parameterized2' [C:/Users/Kheph/Documents/Projects/School/ECE449CPU/ECE449_LAB_CPU/PipelineRegister/pipeline_reg_generic.vhd:20]
	Parameter width bound to: 39 - type: integer 
WARNING: [Synth 8-614] signal 'en' is read in the process but is not in the sensitivity list [C:/Users/Kheph/Documents/Projects/School/ECE449CPU/ECE449_LAB_CPU/PipelineRegister/pipeline_reg_generic.vhd:22]
INFO: [Synth 8-256] done synthesizing module 'pipeline_reg__parameterized2' (0#1) [C:/Users/Kheph/Documents/Projects/School/ECE449CPU/ECE449_LAB_CPU/PipelineRegister/pipeline_reg_generic.vhd:20]
INFO: [Synth 8-256] done synthesizing module 'datapath' (0#1) [C:/Users/Kheph/Documents/Projects/School/ECE449CPU/ECE449_LAB_CPU/Data Path/datapath.vhd:44]
INFO: [Synth 8-638] synthesizing module 'controller' [C:/Users/Kheph/Documents/Projects/School/ECE449CPU/ECE449_LAB_CPU/Controller/controller_pipelined.vhd:43]
INFO: [Synth 8-256] done synthesizing module 'controller' (0#1) [C:/Users/Kheph/Documents/Projects/School/ECE449CPU/ECE449_LAB_CPU/Controller/controller_pipelined.vhd:43]
INFO: [Synth 8-256] done synthesizing module 'cpu_top_level' (0#1) [C:/Users/Kheph/Documents/Projects/School/ECE449CPU/ECE449_LAB_CPU/TopLevel/cpu_top_level.vhd:16]
WARNING: [Synth 8-6014] Unused sequential element flush_reg was removed.  [C:/Users/Kheph/Documents/Projects/School/ECE449CPU/ECE449_LAB_CPU/Branch Controller/branch_controller.vhd:54]
WARNING: [Synth 8-6014] Unused sequential element flag_v_reg was removed.  [C:/Users/Kheph/Documents/Projects/School/ECE449CPU/ECE449_LAB_CPU/Data Path/datapath.vhd:382]
WARNING: [Synth 8-7129] Port clk in module controller is either unconnected or has no load
WARNING: [Synth 8-7129] Port absolute_addr[15] in module branch_controller is either unconnected or has no load
WARNING: [Synth 8-7129] Port absolute_addr[14] in module branch_controller is either unconnected or has no load
WARNING: [Synth 8-7129] Port absolute_addr[13] in module branch_controller is either unconnected or has no load
WARNING: [Synth 8-7129] Port absolute_addr[12] in module branch_controller is either unconnected or has no load
WARNING: [Synth 8-7129] Port absolute_addr[11] in module branch_controller is either unconnected or has no load
WARNING: [Synth 8-7129] Port absolute_addr[10] in module branch_controller is either unconnected or has no load
WARNING: [Synth 8-7129] Port absolute_addr[9] in module branch_controller is either unconnected or has no load
WARNING: [Synth 8-7129] Port en in module program_status_register is either unconnected or has no load
WARNING: [Synth 8-7129] Port sleep in module xpm_memory_base is either unconnected or has no load
WARNING: [Synth 8-7129] Port rsta in module xpm_memory_base is either unconnected or has no load
WARNING: [Synth 8-7129] Port regcea in module xpm_memory_base is either unconnected or has no load
WARNING: [Synth 8-7129] Port addra[9] in module xpm_memory_base is either unconnected or has no load
WARNING: [Synth 8-7129] Port injectsbiterra in module xpm_memory_base is either unconnected or has no load
WARNING: [Synth 8-7129] Port injectdbiterra in module xpm_memory_base is either unconnected or has no load
WARNING: [Synth 8-7129] Port clkb in module xpm_memory_base is either unconnected or has no load
WARNING: [Synth 8-7129] Port regceb in module xpm_memory_base is either unconnected or has no load
WARNING: [Synth 8-7129] Port web[0] in module xpm_memory_base is either unconnected or has no load
WARNING: [Synth 8-7129] Port addrb[9] in module xpm_memory_base is either unconnected or has no load
WARNING: [Synth 8-7129] Port dinb[15] in module xpm_memory_base is either unconnected or has no load
WARNING: [Synth 8-7129] Port dinb[14] in module xpm_memory_base is either unconnected or has no load
WARNING: [Synth 8-7129] Port dinb[13] in module xpm_memory_base is either unconnected or has no load
WARNING: [Synth 8-7129] Port dinb[12] in module xpm_memory_base is either unconnected or has no load
WARNING: [Synth 8-7129] Port dinb[11] in module xpm_memory_base is either unconnected or has no load
WARNING: [Synth 8-7129] Port dinb[10] in module xpm_memory_base is either unconnected or has no load
WARNING: [Synth 8-7129] Port dinb[9] in module xpm_memory_base is either unconnected or has no load
WARNING: [Synth 8-7129] Port dinb[8] in module xpm_memory_base is either unconnected or has no load
WARNING: [Synth 8-7129] Port dinb[7] in module xpm_memory_base is either unconnected or has no load
WARNING: [Synth 8-7129] Port dinb[6] in module xpm_memory_base is either unconnected or has no load
WARNING: [Synth 8-7129] Port dinb[5] in module xpm_memory_base is either unconnected or has no load
WARNING: [Synth 8-7129] Port dinb[4] in module xpm_memory_base is either unconnected or has no load
WARNING: [Synth 8-7129] Port dinb[3] in module xpm_memory_base is either unconnected or has no load
WARNING: [Synth 8-7129] Port dinb[2] in module xpm_memory_base is either unconnected or has no load
WARNING: [Synth 8-7129] Port dinb[1] in module xpm_memory_base is either unconnected or has no load
WARNING: [Synth 8-7129] Port dinb[0] in module xpm_memory_base is either unconnected or has no load
WARNING: [Synth 8-7129] Port injectsbiterrb in module xpm_memory_base is either unconnected or has no load
WARNING: [Synth 8-7129] Port injectdbiterrb in module xpm_memory_base is either unconnected or has no load
WARNING: [Synth 8-7129] Port addra[0] in module RAM is either unconnected or has no load
WARNING: [Synth 8-7129] Port addrb[0] in module RAM is either unconnected or has no load
---------------------------------------------------------------------------------
Finished RTL Elaboration : Time (s): cpu = 00:00:09 ; elapsed = 00:00:10 . Memory (MB): peak = 1399.695 ; gain = 610.273
---------------------------------------------------------------------------------
---------------------------------------------------------------------------------
Start Handling Custom Attributes
---------------------------------------------------------------------------------
---------------------------------------------------------------------------------
Finished Handling Custom Attributes : Time (s): cpu = 00:00:09 ; elapsed = 00:00:10 . Memory (MB): peak = 1399.695 ; gain = 610.273
---------------------------------------------------------------------------------
---------------------------------------------------------------------------------
Finished RTL Optimization Phase 1 : Time (s): cpu = 00:00:09 ; elapsed = 00:00:10 . Memory (MB): peak = 1399.695 ; gain = 610.273
---------------------------------------------------------------------------------
Netlist sorting complete. Time (s): cpu = 00:00:00 ; elapsed = 00:00:00.017 . Memory (MB): peak = 1399.695 ; gain = 0.000
INFO: [Project 1-570] Preparing netlist for logic optimization

Processing XDC Constraints
Initializing timing engine
Parsing XDC File [c:/Users/Kheph/Documents/Projects/School/ECE449CPU/ECE449_LAB_CPU/ECE449CPU_2025.2/ECE449CPU_2025.2.gen/sources_1/ip/CPU_ROM/CPU_ROM/blk_mem_gen_0_in_context.xdc] for cell 'datapath/ROM_inst/blk_mem_gen_0'
Finished Parsing XDC File [c:/Users/Kheph/Documents/Projects/School/ECE449CPU/ECE449_LAB_CPU/ECE449CPU_2025.2/ECE449CPU_2025.2.gen/sources_1/ip/CPU_ROM/CPU_ROM/blk_mem_gen_0_in_context.xdc] for cell 'datapath/ROM_inst/blk_mem_gen_0'
Parsing XDC File [C:/Users/Kheph/Documents/Projects/School/ECE449CPU/ECE449_LAB_CPU/BASYS3_Master.xdc]
WARNING: [Vivado 12-584] No ports matched 'A[0]'. [C:/Users/Kheph/Documents/Projects/School/ECE449CPU/ECE449_LAB_CPU/BASYS3_Master.xdc:12]
WARNING: [Vivado 12-584] No ports matched 'A[0]'. [C:/Users/Kheph/Documents/Projects/School/ECE449CPU/ECE449_LAB_CPU/BASYS3_Master.xdc:13]
WARNING: [Vivado 12-584] No ports matched 'A[1]'. [C:/Users/Kheph/Documents/Projects/School/ECE449CPU/ECE449_LAB_CPU/BASYS3_Master.xdc:14]
WARNING: [Vivado 12-584] No ports matched 'A[1]'. [C:/Users/Kheph/Documents/Projects/School/ECE449CPU/ECE449_LAB_CPU/BASYS3_Master.xdc:15]
WARNING: [Vivado 12-584] No ports matched 'A[2]'. [C:/Users/Kheph/Documents/Projects/School/ECE449CPU/ECE449_LAB_CPU/BASYS3_Master.xdc:16]
WARNING: [Vivado 12-584] No ports matched 'A[2]'. [C:/Users/Kheph/Documents/Projects/School/ECE449CPU/ECE449_LAB_CPU/BASYS3_Master.xdc:17]
WARNING: [Vivado 12-584] No ports matched 'A[3]'. [C:/Users/Kheph/Documents/Projects/School/ECE449CPU/ECE449_LAB_CPU/BASYS3_Master.xdc:18]
WARNING: [Vivado 12-584] No ports matched 'A[3]'. [C:/Users/Kheph/Documents/Projects/School/ECE449CPU/ECE449_LAB_CPU/BASYS3_Master.xdc:19]
WARNING: [Vivado 12-584] No ports matched 'A[4]'. [C:/Users/Kheph/Documents/Projects/School/ECE449CPU/ECE449_LAB_CPU/BASYS3_Master.xdc:20]
WARNING: [Vivado 12-584] No ports matched 'A[4]'. [C:/Users/Kheph/Documents/Projects/School/ECE449CPU/ECE449_LAB_CPU/BASYS3_Master.xdc:21]
WARNING: [Vivado 12-584] No ports matched 'A[5]'. [C:/Users/Kheph/Documents/Projects/School/ECE449CPU/ECE449_LAB_CPU/BASYS3_Master.xdc:22]
WARNING: [Vivado 12-584] No ports matched 'A[5]'. [C:/Users/Kheph/Documents/Projects/School/ECE449CPU/ECE449_LAB_CPU/BASYS3_Master.xdc:23]
WARNING: [Vivado 12-584] No ports matched 'A[6]'. [C:/Users/Kheph/Documents/Projects/School/ECE449CPU/ECE449_LAB_CPU/BASYS3_Master.xdc:24]
WARNING: [Vivado 12-584] No ports matched 'A[6]'. [C:/Users/Kheph/Documents/Projects/School/ECE449CPU/ECE449_LAB_CPU/BASYS3_Master.xdc:25]
WARNING: [Vivado 12-584] No ports matched 'A[7]'. [C:/Users/Kheph/Documents/Projects/School/ECE449CPU/ECE449_LAB_CPU/BASYS3_Master.xdc:26]
WARNING: [Vivado 12-584] No ports matched 'A[7]'. [C:/Users/Kheph/Documents/Projects/School/ECE449CPU/ECE449_LAB_CPU/BASYS3_Master.xdc:27]
WARNING: [Vivado 12-584] No ports matched 'B[0]'. [C:/Users/Kheph/Documents/Projects/School/ECE449CPU/ECE449_LAB_CPU/BASYS3_Master.xdc:28]
WARNING: [Vivado 12-584] No ports matched 'B[0]'. [C:/Users/Kheph/Documents/Projects/School/ECE449CPU/ECE449_LAB_CPU/BASYS3_Master.xdc:29]
WARNING: [Vivado 12-584] No ports matched 'B[1]'. [C:/Users/Kheph/Documents/Projects/School/ECE449CPU/ECE449_LAB_CPU/BASYS3_Master.xdc:30]
WARNING: [Vivado 12-584] No ports matched 'B[1]'. [C:/Users/Kheph/Documents/Projects/School/ECE449CPU/ECE449_LAB_CPU/BASYS3_Master.xdc:31]
WARNING: [Vivado 12-584] No ports matched 'B[2]'. [C:/Users/Kheph/Documents/Projects/School/ECE449CPU/ECE449_LAB_CPU/BASYS3_Master.xdc:32]
WARNING: [Vivado 12-584] No ports matched 'B[2]'. [C:/Users/Kheph/Documents/Projects/School/ECE449CPU/ECE449_LAB_CPU/BASYS3_Master.xdc:33]
WARNING: [Vivado 12-584] No ports matched 'B[3]'. [C:/Users/Kheph/Documents/Projects/School/ECE449CPU/ECE449_LAB_CPU/BASYS3_Master.xdc:34]
WARNING: [Vivado 12-584] No ports matched 'B[3]'. [C:/Users/Kheph/Documents/Projects/School/ECE449CPU/ECE449_LAB_CPU/BASYS3_Master.xdc:35]
WARNING: [Vivado 12-584] No ports matched 'B[4]'. [C:/Users/Kheph/Documents/Projects/School/ECE449CPU/ECE449_LAB_CPU/BASYS3_Master.xdc:36]
WARNING: [Vivado 12-584] No ports matched 'B[4]'. [C:/Users/Kheph/Documents/Projects/School/ECE449CPU/ECE449_LAB_CPU/BASYS3_Master.xdc:37]
WARNING: [Vivado 12-584] No ports matched 'B[5]'. [C:/Users/Kheph/Documents/Projects/School/ECE449CPU/ECE449_LAB_CPU/BASYS3_Master.xdc:38]
WARNING: [Vivado 12-584] No ports matched 'B[5]'. [C:/Users/Kheph/Documents/Projects/School/ECE449CPU/ECE449_LAB_CPU/BASYS3_Master.xdc:39]
WARNING: [Vivado 12-584] No ports matched 'B[6]'. [C:/Users/Kheph/Documents/Projects/School/ECE449CPU/ECE449_LAB_CPU/BASYS3_Master.xdc:40]
WARNING: [Vivado 12-584] No ports matched 'B[6]'. [C:/Users/Kheph/Documents/Projects/School/ECE449CPU/ECE449_LAB_CPU/BASYS3_Master.xdc:41]
WARNING: [Vivado 12-584] No ports matched 'B[7]'. [C:/Users/Kheph/Documents/Projects/School/ECE449CPU/ECE449_LAB_CPU/BASYS3_Master.xdc:42]
WARNING: [Vivado 12-584] No ports matched 'B[7]'. [C:/Users/Kheph/Documents/Projects/School/ECE449CPU/ECE449_LAB_CPU/BASYS3_Master.xdc:43]
WARNING: [Vivado 12-584] No ports matched 'Sum[0]'. [C:/Users/Kheph/Documents/Projects/School/ECE449CPU/ECE449_LAB_CPU/BASYS3_Master.xdc:47]
WARNING: [Vivado 12-584] No ports matched 'Sum[0]'. [C:/Users/Kheph/Documents/Projects/School/ECE449CPU/ECE449_LAB_CPU/BASYS3_Master.xdc:48]
WARNING: [Vivado 12-584] No ports matched 'Sum[1]'. [C:/Users/Kheph/Documents/Projects/School/ECE449CPU/ECE449_LAB_CPU/BASYS3_Master.xdc:49]
WARNING: [Vivado 12-584] No ports matched 'Sum[1]'. [C:/Users/Kheph/Documents/Projects/School/ECE449CPU/ECE449_LAB_CPU/BASYS3_Master.xdc:50]
WARNING: [Vivado 12-584] No ports matched 'Sum[2]'. [C:/Users/Kheph/Documents/Projects/School/ECE449CPU/ECE449_LAB_CPU/BASYS3_Master.xdc:51]
WARNING: [Vivado 12-584] No ports matched 'Sum[2]'. [C:/Users/Kheph/Documents/Projects/School/ECE449CPU/ECE449_LAB_CPU/BASYS3_Master.xdc:52]
WARNING: [Vivado 12-584] No ports matched 'Sum[3]'. [C:/Users/Kheph/Documents/Projects/School/ECE449CPU/ECE449_LAB_CPU/BASYS3_Master.xdc:53]
WARNING: [Vivado 12-584] No ports matched 'Sum[3]'. [C:/Users/Kheph/Documents/Projects/School/ECE449CPU/ECE449_LAB_CPU/BASYS3_Master.xdc:54]
WARNING: [Vivado 12-584] No ports matched 'Sum[4]'. [C:/Users/Kheph/Documents/Projects/School/ECE449CPU/ECE449_LAB_CPU/BASYS3_Master.xdc:55]
WARNING: [Vivado 12-584] No ports matched 'Sum[4]'. [C:/Users/Kheph/Documents/Projects/School/ECE449CPU/ECE449_LAB_CPU/BASYS3_Master.xdc:56]
WARNING: [Vivado 12-584] No ports matched 'Sum[5]'. [C:/Users/Kheph/Documents/Projects/School/ECE449CPU/ECE449_LAB_CPU/BASYS3_Master.xdc:57]
WARNING: [Vivado 12-584] No ports matched 'Sum[5]'. [C:/Users/Kheph/Documents/Projects/School/ECE449CPU/ECE449_LAB_CPU/BASYS3_Master.xdc:58]
WARNING: [Vivado 12-584] No ports matched 'Sum[6]'. [C:/Users/Kheph/Documents/Projects/School/ECE449CPU/ECE449_LAB_CPU/BASYS3_Master.xdc:59]
WARNING: [Vivado 12-584] No ports matched 'Sum[6]'. [C:/Users/Kheph/Documents/Projects/School/ECE449CPU/ECE449_LAB_CPU/BASYS3_Master.xdc:60]
WARNING: [Vivado 12-584] No ports matched 'Sum[7]'. [C:/Users/Kheph/Documents/Projects/School/ECE449CPU/ECE449_LAB_CPU/BASYS3_Master.xdc:61]
WARNING: [Vivado 12-584] No ports matched 'Sum[7]'. [C:/Users/Kheph/Documents/Projects/School/ECE449CPU/ECE449_LAB_CPU/BASYS3_Master.xdc:62]
WARNING: [Vivado 12-584] No ports matched 'Cout'. [C:/Users/Kheph/Documents/Projects/School/ECE449CPU/ECE449_LAB_CPU/BASYS3_Master.xdc:63]
WARNING: [Vivado 12-584] No ports matched 'Cout'. [C:/Users/Kheph/Documents/Projects/School/ECE449CPU/ECE449_LAB_CPU/BASYS3_Master.xdc:64]
WARNING: [Vivado 12-584] No ports matched 'Mode'. [C:/Users/Kheph/Documents/Projects/School/ECE449CPU/ECE449_LAB_CPU/BASYS3_Master.xdc:111]
WARNING: [Vivado 12-584] No ports matched 'Mode'. [C:/Users/Kheph/Documents/Projects/School/ECE449CPU/ECE449_LAB_CPU/BASYS3_Master.xdc:112]
Finished Parsing XDC File [C:/Users/Kheph/Documents/Projects/School/ECE449CPU/ECE449_LAB_CPU/BASYS3_Master.xdc]
WARNING: [Project 1-498] One or more constraints failed evaluation while reading constraint file [C:/Users/Kheph/Documents/Projects/School/ECE449CPU/ECE449_LAB_CPU/BASYS3_Master.xdc] and the design contains unresolved black boxes. These constraints will be read post-synthesis (as long as their source constraint file is marked as used_in_implementation) and should be applied correctly then. You should review the constraints listed in the file [.Xil/cpu_top_level_propImpl.xdc] and check the run log file to verify that these constraints were correctly applied.
Parsing XDC File [C:/Users/Kheph/Documents/Projects/School/ECE449CPU/ECE449_LAB_CPU/ECE449CPU_2025.2/ECE449CPU_2025.2.runs/synth_1/dont_touch.xdc]
Finished Parsing XDC File [C:/Users/Kheph/Documents/Projects/School/ECE449CPU/ECE449_LAB_CPU/ECE449CPU_2025.2/ECE449CPU_2025.2.runs/synth_1/dont_touch.xdc]
INFO: [Project 1-236] Implementation specific constraints were found while reading constraint file [C:/Xilinx/2025.1/Vivado/data/ip/xpm/xpm_memory/tcl/xpm_memory_xdc.tcl]. These constraints will be ignored for synthesis but will be used in implementation. Impacted constraints are listed in the file [.Xil/cpu_top_level_propImpl.xdc].
Resolution: To avoid this warning, move constraints listed in [.Xil/cpu_top_level_propImpl.xdc] to another XDC file and exclude this new file from synthesis with the used_in_synthesis property (File Properties dialog in GUI) and re-run elaboration/synthesis.
INFO: [Project 1-1714] 1 XPM XDC files have been applied to the design.
Completed Processing XDC Constraints

Netlist sorting complete. Time (s): cpu = 00:00:00 ; elapsed = 00:00:00 . Memory (MB): peak = 1435.020 ; gain = 0.000
INFO: [Project 1-111] Unisim Transformation Summary:
No Unisim elements were transformed.

Constraint Validation Runtime : Time (s): cpu = 00:00:00 ; elapsed = 00:00:00.006 . Memory (MB): peak = 1435.020 ; gain = 0.000
---------------------------------------------------------------------------------
Finished Constraint Validation : Time (s): cpu = 00:00:19 ; elapsed = 00:00:20 . Memory (MB): peak = 1435.020 ; gain = 645.598
---------------------------------------------------------------------------------
---------------------------------------------------------------------------------
Start Loading Part and Timing Information
---------------------------------------------------------------------------------
Loading part: xc7a35tcpg236-1
---------------------------------------------------------------------------------
Finished Loading Part and Timing Information : Time (s): cpu = 00:00:19 ; elapsed = 00:00:20 . Memory (MB): peak = 1435.020 ; gain = 645.598
---------------------------------------------------------------------------------
---------------------------------------------------------------------------------
Start Applying 'set_property' XDC Constraints
---------------------------------------------------------------------------------
---------------------------------------------------------------------------------
Finished applying 'set_property' XDC Constraints : Time (s): cpu = 00:00:19 ; elapsed = 00:00:20 . Memory (MB): peak = 1435.020 ; gain = 645.598
---------------------------------------------------------------------------------
WARNING: [Synth 8-327] inferring latch for variable 'add_sub_ext_reg' [C:/Users/Kheph/Documents/Projects/School/ECE449CPU/ECE449_LAB_CPU/ALU/ALU.vhd:61]
WARNING: [Synth 8-327] inferring latch for variable 'mul_full_reg' [C:/Users/Kheph/Documents/Projects/School/ECE449CPU/ECE449_LAB_CPU/ALU/ALU.vhd:75]
---------------------------------------------------------------------------------
Finished RTL Optimization Phase 2 : Time (s): cpu = 00:00:19 ; elapsed = 00:00:21 . Memory (MB): peak = 1435.020 ; gain = 645.598
---------------------------------------------------------------------------------
---------------------------------------------------------------------------------
Start RTL Component Statistics 
---------------------------------------------------------------------------------
Detailed RTL Component Info : 
+---Adders : 
	   3 Input   17 Bit       Adders := 1     
	   2 Input   11 Bit       Adders := 3     
	   3 Input   11 Bit       Adders := 1     
	   2 Input    2 Bit       Adders := 1     
+---XORs : 
	   2 Input      1 Bit         XORs := 1     
+---Registers : 
	              110 Bit    Registers := 1     
	               43 Bit    Registers := 1     
	               39 Bit    Registers := 1     
	               37 Bit    Registers := 1     
	               16 Bit    Registers := 10    
	               11 Bit    Registers := 2     
	                2 Bit    Registers := 1     
	                1 Bit    Registers := 4     
+---Muxes : 
	  12 Input   17 Bit        Muxes := 1     
	   2 Input   16 Bit        Muxes := 6     
	   3 Input   16 Bit        Muxes := 1     
	   2 Input   11 Bit        Muxes := 11    
	   4 Input   11 Bit        Muxes := 1     
	   2 Input    4 Bit        Muxes := 2     
	   2 Input    3 Bit        Muxes := 2     
	   2 Input    2 Bit        Muxes := 4     
	   4 Input    2 Bit        Muxes := 2     
	   2 Input    1 Bit        Muxes := 12    
	  12 Input    1 Bit        Muxes := 6     
	   4 Input    1 Bit        Muxes := 1     
---------------------------------------------------------------------------------
Finished RTL Component Statistics 
---------------------------------------------------------------------------------
---------------------------------------------------------------------------------
Start Part Resource Summary
---------------------------------------------------------------------------------
Part Resources:
DSPs: 90 (col length:60)
BRAMs: 100 (col length: RAMB18 60 RAMB36 30)
---------------------------------------------------------------------------------
Finished Part Resource Summary
---------------------------------------------------------------------------------
---------------------------------------------------------------------------------
Start Cross Boundary and Area Optimization
---------------------------------------------------------------------------------
WARNING: [Synth 8-7080] Parallel synthesis criteria is not met
DSP Report: Generating DSP datapath/ALU_inst/mul_full0, operation Mode is: A*B.
DSP Report: operator datapath/ALU_inst/mul_full0 is absorbed into DSP datapath/ALU_inst/mul_full0.
WARNING: [Synth 8-7129] Port rsta in module xpm_memory_base is either unconnected or has no load
WARNING: [Synth 8-7129] Port regcea in module xpm_memory_base is either unconnected or has no load
WARNING: [Synth 8-7129] Port addra[9] in module xpm_memory_base is either unconnected or has no load
WARNING: [Synth 8-7129] Port injectsbiterra in module xpm_memory_base is either unconnected or has no load
WARNING: [Synth 8-7129] Port injectdbiterra in module xpm_memory_base is either unconnected or has no load
WARNING: [Synth 8-7129] Port clkb in module xpm_memory_base is either unconnected or has no load
WARNING: [Synth 8-7129] Port regceb in module xpm_memory_base is either unconnected or has no load
WARNING: [Synth 8-7129] Port web[0] in module xpm_memory_base is either unconnected or has no load
WARNING: [Synth 8-7129] Port addrb[9] in module xpm_memory_base is either unconnected or has no load
WARNING: [Synth 8-7129] Port dinb[15] in module xpm_memory_base is either unconnected or has no load
WARNING: [Synth 8-7129] Port dinb[14] in module xpm_memory_base is either unconnected or has no load
WARNING: [Synth 8-7129] Port dinb[13] in module xpm_memory_base is either unconnected or has no load
WARNING: [Synth 8-7129] Port dinb[12] in module xpm_memory_base is either unconnected or has no load
WARNING: [Synth 8-7129] Port dinb[11] in module xpm_memory_base is either unconnected or has no load
WARNING: [Synth 8-7129] Port dinb[10] in module xpm_memory_base is either unconnected or has no load
WARNING: [Synth 8-7129] Port dinb[9] in module xpm_memory_base is either unconnected or has no load
WARNING: [Synth 8-7129] Port dinb[8] in module xpm_memory_base is either unconnected or has no load
WARNING: [Synth 8-7129] Port dinb[7] in module xpm_memory_base is either unconnected or has no load
WARNING: [Synth 8-7129] Port dinb[6] in module xpm_memory_base is either unconnected or has no load
WARNING: [Synth 8-7129] Port dinb[5] in module xpm_memory_base is either unconnected or has no load
WARNING: [Synth 8-7129] Port dinb[4] in module xpm_memory_base is either unconnected or has no load
WARNING: [Synth 8-7129] Port dinb[3] in module xpm_memory_base is either unconnected or has no load
WARNING: [Synth 8-7129] Port dinb[2] in module xpm_memory_base is either unconnected or has no load
WARNING: [Synth 8-7129] Port dinb[1] in module xpm_memory_base is either unconnected or has no load
WARNING: [Synth 8-7129] Port dinb[0] in module xpm_memory_base is either unconnected or has no load
WARNING: [Synth 8-7129] Port injectsbiterrb in module xpm_memory_base is either unconnected or has no load
WARNING: [Synth 8-7129] Port injectdbiterrb in module xpm_memory_base is either unconnected or has no load
WARNING: [Synth 8-3332] Sequential element (datapath/ALU_inst/add_sub_ext_reg[16]) is unused and will be removed from module cpu_top_level.
WARNING: [Synth 8-3332] Sequential element (datapath/ALU_inst/mul_full_reg[31]) is unused and will be removed from module cpu_top_level.
WARNING: [Synth 8-3332] Sequential element (datapath/ALU_inst/mul_full_reg[30]) is unused and will be removed from module cpu_top_level.
WARNING: [Synth 8-3332] Sequential element (datapath/ALU_inst/mul_full_reg[29]) is unused and will be removed from module cpu_top_level.
WARNING: [Synth 8-3332] Sequential element (datapath/ALU_inst/mul_full_reg[28]) is unused and will be removed from module cpu_top_level.
WARNING: [Synth 8-3332] Sequential element (datapath/ALU_inst/mul_full_reg[27]) is unused and will be removed from module cpu_top_level.
WARNING: [Synth 8-3332] Sequential element (datapath/ALU_inst/mul_full_reg[26]) is unused and will be removed from module cpu_top_level.
WARNING: [Synth 8-3332] Sequential element (datapath/ALU_inst/mul_full_reg[25]) is unused and will be removed from module cpu_top_level.
WARNING: [Synth 8-3332] Sequential element (datapath/ALU_inst/mul_full_reg[24]) is unused and will be removed from module cpu_top_level.
WARNING: [Synth 8-3332] Sequential element (datapath/ALU_inst/mul_full_reg[23]) is unused and will be removed from module cpu_top_level.
WARNING: [Synth 8-3332] Sequential element (datapath/ALU_inst/mul_full_reg[22]) is unused and will be removed from module cpu_top_level.
WARNING: [Synth 8-3332] Sequential element (datapath/ALU_inst/mul_full_reg[21]) is unused and will be removed from module cpu_top_level.
WARNING: [Synth 8-3332] Sequential element (datapath/ALU_inst/mul_full_reg[20]) is unused and will be removed from module cpu_top_level.
WARNING: [Synth 8-3332] Sequential element (datapath/ALU_inst/mul_full_reg[19]) is unused and will be removed from module cpu_top_level.
WARNING: [Synth 8-3332] Sequential element (datapath/ALU_inst/mul_full_reg[18]) is unused and will be removed from module cpu_top_level.
WARNING: [Synth 8-3332] Sequential element (datapath/ALU_inst/mul_full_reg[17]) is unused and will be removed from module cpu_top_level.
WARNING: [Synth 8-3332] Sequential element (datapath/ALU_inst/mul_full_reg[16]) is unused and will be removed from module cpu_top_level.
---------------------------------------------------------------------------------
Finished Cross Boundary and Area Optimization : Time (s): cpu = 00:00:37 ; elapsed = 00:00:40 . Memory (MB): peak = 1505.859 ; gain = 716.438
---------------------------------------------------------------------------------
 Sort Area is  datapath/ALU_inst/mul_full0_0 : 0 0 : 1937 1937 : Used 1 time 0
---------------------------------------------------------------------------------
Start ROM, RAM, DSP, Shift Register and Retiming Reporting
---------------------------------------------------------------------------------

Distributed RAM: Preliminary Mapping Report (see note below)
+-------------------------------------------------------------------+--------------------------------------------------+----------------+----------------------+-----------------+
|Module Name                                                        | RTL Object                                       | Inference      | Size (Depth x Width) | Primitives      | 
+-------------------------------------------------------------------+--------------------------------------------------+----------------+----------------------+-----------------+
|\datapath/RAM_inst/xpm_memory_dpdistram_inst /xpm_memory_base_inst | gen_wr_a.gen_byte_narrow.for_mem_cols[1].mem_reg | User Attribute | 512 x 16             | RAM128X1D x 64  | 
+-------------------------------------------------------------------+--------------------------------------------------+----------------+----------------------+-----------------+

Note: The table above is a preliminary report that shows the Distributed RAMs at the current stage of the synthesis flow. Some Distributed RAMs may be reimplemented as non Distributed RAM primitives later in the synthesis flow. Multiple instantiated RAMs are reported only once.

DSP: Preliminary Mapping Report (see note below. The ' indicates corresponding REG is set)
+------------+-------------+--------+--------+--------+--------+--------+------+------+------+------+-------+------+------+
|Module Name | DSP Mapping | A Size | B Size | C Size | D Size | P Size | AREG | BREG | CREG | DREG | ADREG | MREG | PREG | 
+------------+-------------+--------+--------+--------+--------+--------+------+------+------+------+-------+------+------+
|ALU         | A*B         | 16     | 16     | -      | -      | 32     | 0    | 0    | -    | -    | -     | 0    | 0    | 
+------------+-------------+--------+--------+--------+--------+--------+------+------+------+------+-------+------+------+

Note: The table above is a preliminary report that shows the DSPs inferred at the current stage of the synthesis flow. Some DSP may be reimplemented as non DSP primitives later in the synthesis flow. Multiple instantiated DSPs are reported only once.
---------------------------------------------------------------------------------
Finished ROM, RAM, DSP, Shift Register and Retiming Reporting
---------------------------------------------------------------------------------
---------------------------------------------------------------------------------
Start Applying XDC Timing Constraints
---------------------------------------------------------------------------------
---------------------------------------------------------------------------------
Finished Applying XDC Timing Constraints : Time (s): cpu = 00:00:47 ; elapsed = 00:00:51 . Memory (MB): peak = 1659.590 ; gain = 870.168
---------------------------------------------------------------------------------
---------------------------------------------------------------------------------
Start Timing Optimization
---------------------------------------------------------------------------------
---------------------------------------------------------------------------------
Finished Timing Optimization : Time (s): cpu = 00:00:47 ; elapsed = 00:00:52 . Memory (MB): peak = 1659.664 ; gain = 870.242
---------------------------------------------------------------------------------
---------------------------------------------------------------------------------
Start ROM, RAM, DSP, Shift Register and Retiming Reporting
---------------------------------------------------------------------------------

Distributed RAM: Final Mapping Report
+-------------------------------------------------------------------+--------------------------------------------------+----------------+----------------------+-----------------+
|Module Name                                                        | RTL Object                                       | Inference      | Size (Depth x Width) | Primitives      | 
+-------------------------------------------------------------------+--------------------------------------------------+----------------+----------------------+-----------------+
|\datapath/RAM_inst/xpm_memory_dpdistram_inst /xpm_memory_base_inst | gen_wr_a.gen_byte_narrow.for_mem_cols[1].mem_reg | User Attribute | 512 x 16             | RAM128X1D x 64  | 
+-------------------------------------------------------------------+--------------------------------------------------+----------------+----------------------+-----------------+

---------------------------------------------------------------------------------
Finished ROM, RAM, DSP, Shift Register and Retiming Reporting
---------------------------------------------------------------------------------
---------------------------------------------------------------------------------
Start Technology Mapping
---------------------------------------------------------------------------------
---------------------------------------------------------------------------------
Finished Technology Mapping : Time (s): cpu = 00:00:47 ; elapsed = 00:00:52 . Memory (MB): peak = 1687.793 ; gain = 898.371
---------------------------------------------------------------------------------
---------------------------------------------------------------------------------
Start IO Insertion
---------------------------------------------------------------------------------
---------------------------------------------------------------------------------
Start Flattening Before IO Insertion
---------------------------------------------------------------------------------
---------------------------------------------------------------------------------
Finished Flattening Before IO Insertion
---------------------------------------------------------------------------------
---------------------------------------------------------------------------------
Start Final Netlist Cleanup
---------------------------------------------------------------------------------
---------------------------------------------------------------------------------
Finished Final Netlist Cleanup
---------------------------------------------------------------------------------
---------------------------------------------------------------------------------
Finished IO Insertion : Time (s): cpu = 00:00:52 ; elapsed = 00:00:57 . Memory (MB): peak = 1899.996 ; gain = 1110.574
---------------------------------------------------------------------------------
---------------------------------------------------------------------------------
Start Renaming Generated Instances
---------------------------------------------------------------------------------
---------------------------------------------------------------------------------
Finished Renaming Generated Instances : Time (s): cpu = 00:00:52 ; elapsed = 00:00:57 . Memory (MB): peak = 1899.996 ; gain = 1110.574
---------------------------------------------------------------------------------
---------------------------------------------------------------------------------
Start Rebuilding User Hierarchy
---------------------------------------------------------------------------------
---------------------------------------------------------------------------------
Finished Rebuilding User Hierarchy : Time (s): cpu = 00:00:52 ; elapsed = 00:00:57 . Memory (MB): peak = 1899.996 ; gain = 1110.574
---------------------------------------------------------------------------------
---------------------------------------------------------------------------------
Start Renaming Generated Ports
---------------------------------------------------------------------------------
---------------------------------------------------------------------------------
Finished Renaming Generated Ports : Time (s): cpu = 00:00:52 ; elapsed = 00:00:57 . Memory (MB): peak = 1899.996 ; gain = 1110.574
---------------------------------------------------------------------------------
---------------------------------------------------------------------------------
Start Handling Custom Attributes
---------------------------------------------------------------------------------
---------------------------------------------------------------------------------
Finished Handling Custom Attributes : Time (s): cpu = 00:00:52 ; elapsed = 00:00:57 . Memory (MB): peak = 1899.996 ; gain = 1110.574
---------------------------------------------------------------------------------
---------------------------------------------------------------------------------
Start Renaming Generated Nets
---------------------------------------------------------------------------------
---------------------------------------------------------------------------------
Finished Renaming Generated Nets : Time (s): cpu = 00:00:52 ; elapsed = 00:00:57 . Memory (MB): peak = 1899.996 ; gain = 1110.574
---------------------------------------------------------------------------------
---------------------------------------------------------------------------------
Start Writing Synthesis Report
---------------------------------------------------------------------------------

DSP Final Report (the ' indicates corresponding REG is set)
+------------+-------------+--------+--------+--------+--------+--------+------+------+------+------+-------+------+------+
|Module Name | DSP Mapping | A Size | B Size | C Size | D Size | P Size | AREG | BREG | CREG | DREG | ADREG | MREG | PREG | 
+------------+-------------+--------+--------+--------+--------+--------+------+------+------+------+-------+------+------+
|ALU         | A*B         | 30     | 18     | -      | -      | 32     | 0    | 0    | -    | -    | -     | 0    | 0    | 
+------------+-------------+--------+--------+--------+--------+--------+------+------+------+------+-------+------+------+


Report BlackBoxes: 
+------+--------------+----------+
|      |BlackBox name |Instances |
+------+--------------+----------+
|1     |CPU_ROM       |         1|
+------+--------------+----------+

Report Cell Usage: 
+------+----------+------+
|      |Cell      |Count |
+------+----------+------+
|1     |CPU_ROM   |     1|
|2     |BUFG      |     1|
|3     |CARRY4    |    10|
|4     |DSP48E1   |     1|
|5     |LUT1      |    20|
|6     |LUT2      |    44|
|7     |LUT3      |    80|
|8     |LUT4      |    66|
|9     |LUT5      |    96|
|10    |LUT6      |   252|
|11    |MUXF7     |    16|
|12    |RAM128X1D |    64|
|13    |FDRE      |   389|
|14    |LD        |    32|
|15    |IBUF      |    19|
|16    |OBUF      |    16|
+------+----------+------+
---------------------------------------------------------------------------------
Finished Writing Synthesis Report : Time (s): cpu = 00:00:52 ; elapsed = 00:00:57 . Memory (MB): peak = 1899.996 ; gain = 1110.574
---------------------------------------------------------------------------------
Synthesis finished with 0 errors, 0 critical warnings and 47 warnings.
Synthesis Optimization Runtime : Time (s): cpu = 00:00:40 ; elapsed = 00:00:55 . Memory (MB): peak = 1899.996 ; gain = 1075.250
Synthesis Optimization Complete : Time (s): cpu = 00:00:52 ; elapsed = 00:00:57 . Memory (MB): peak = 1899.996 ; gain = 1110.574
INFO: [Project 1-571] Translating synthesized netlist
Netlist sorting complete. Time (s): cpu = 00:00:00 ; elapsed = 00:00:00.015 . Memory (MB): peak = 1907.551 ; gain = 0.000
INFO: [Netlist 29-17] Analyzing 123 Unisim elements for replacement
INFO: [Netlist 29-28] Unisim Transformation completed in 1 CPU seconds
INFO: [Project 1-570] Preparing netlist for logic optimization
INFO: [Opt 31-138] Pushed 0 inverter(s) to 0 load pin(s).
Netlist sorting complete. Time (s): cpu = 00:00:00 ; elapsed = 00:00:00.001 . Memory (MB): peak = 1911.227 ; gain = 0.000
INFO: [Project 1-111] Unisim Transformation Summary:
  A total of 96 instances were transformed.
  LD => LDCE: 32 instances
  RAM128X1D => RAM128X1D (MUXF7(x2), RAMD64E(x4)): 64 instances

Synth Design complete | Checksum: 4707ef3b
INFO: [Common 17-83] Releasing license: Synthesis
57 Infos, 149 Warnings, 0 Critical Warnings and 0 Errors encountered.
synth_design completed successfully
synth_design: Time (s): cpu = 00:00:57 ; elapsed = 00:01:05 . Memory (MB): peak = 1911.227 ; gain = 1311.086
Write ShapeDB Complete: Time (s): cpu = 00:00:00 ; elapsed = 00:00:00.005 . Memory (MB): peak = 1911.227 ; gain = 0.000
INFO: [Common 17-1381] The checkpoint 'C:/Users/Kheph/Documents/Projects/School/ECE449CPU/ECE449_LAB_CPU/ECE449CPU_2025.2/ECE449CPU_2025.2.runs/synth_1/cpu_top_level.dcp' has been generated.
INFO: [Vivado 12-24828] Executing command : report_utilization -file cpu_top_level_utilization_synth.rpt -pb cpu_top_level_utilization_synth.pb
INFO: [Common 17-206] Exiting Vivado at Wed Apr  8 17:06:56 2026...
